02-27 09:52:27.822  2351  2416 D ControlsListingControllerImpl: Unsubscribing callback
02-27 09:52:27.944  1070  1556 W qti_sensors_hal: processInd: MOT_DISPROT Data:  1.0
02-27 09:52:28.167  1070  1244 W qti_sensors_hal: processReportInd: lux: 37, ch0: 0, ch1: 831, pData: 88, pOffset: 5
02-27 09:52:28.554  1070  1556 W qti_sensors_hal: processInd: MOT_DISPROT Data: -1.0
02-27 09:52:28.682  2567  2704 I QImsService: ImsSenderRxr : [UNSL]< UNSOL_VOPS_CHANGED true[SUB0]
02-27 09:52:28.682  2567  2704 V QImsService: WakeLockRegistrantList : acquireNotifyWakeLock
02-27 09:52:28.684  2567  2704 I QImsService: ImsSenderRxr : [UNSL]< UNSOL_VOPS_CHANGED {.isVopsEnabled = true}[SUB0]
02-27 09:52:28.684  2567  2567 I QImsService: ImsServiceSub : [0] Message received: what = 25, state = 2
02-27 09:52:28.684  2567  2704 V QImsService: WakeLockRegistrantList : acquireNotifyWakeLock
02-27 09:52:28.684  2567  2567 I QImsService: ImsServiceSub : [0] broadcastVopsSsacIntent Vops = true , Ssac = false , PhoneId = 0
02-27 09:52:28.686  2567  2567 I QImsService: ImsServiceSub : [0] Message received: what = 100, state = 2
02-27 09:52:28.686  2567  2567 I QImsService: ImsServiceSub : [0] broadcastVopsSsacIntent Vops = true , Ssac = false , PhoneId = 0
02-27 09:52:28.688  2996  3036 I QcrilOemhookMsgTunnel: [0]processOemHookIndication length=22
02-27 09:52:28.703  2996  3036 I QcrilOemhookMsgTunnel: [0]processOemHookIndication length=12
02-27 09:52:28.703  2996  3036 I QcrilOemhookMsgTunnel: [0]processOemHookIndication length=28
02-27 09:52:28.704  2996  2996 D QcrilMsgTunnelIfaceManager: handleMessage what = 5
02-27 09:52:28.704  2996  2996 D QcrilMsgTunnelIfaceManager: handleMessage what = 5
02-27 09:52:28.780  2558  2997 D QCNEJ/WwanInfoRelay: onServiceStateChanged: dataState: 2 DDS:1 Notify service state update
02-27 09:52:28.782  1958 10125 W ContextImpl: Calling a method in the system process without a qualified user: android.app.ContextImpl.sendBroadcastMultiplePermissions:1319 android.content.Context.sendBroadcastMultiplePermissions:2537 com.android.server.TelephonyRegistry.broadcastServiceStateChanged:3774 com.android.server.TelephonyRegistry.notifyServiceStateForPhoneId:1779 com.android.internal.telephony.ITelephonyRegistry$Stub.onTransact:553 
02-27 09:52:28.785  1958 10125 W ContextImpl: Calling a method in the system process without a qualified user: android.app.ContextImpl.sendBroadcastMultiplePermissions:1352 com.android.server.TelephonyRegistry.broadcastServiceStateChanged:3779 com.android.server.TelephonyRegistry.notifyServiceStateForPhoneId:1779 com.android.internal.telephony.ITelephonyRegistry$Stub.onTransact:553 android.os.Binder.execTransactInternal:1396 
02-27 09:52:28.788  1958 10125 W ContextImpl: Calling a method in the system process without a qualified user: android.app.ContextImpl.sendBroadcastMultiplePermissions:1352 com.android.server.TelephonyRegistry.broadcastServiceStateChanged:3788 com.android.server.TelephonyRegistry.notifyServiceStateForPhoneId:1779 com.android.internal.telephony.ITelephonyRegistry$Stub.onTransact:553 android.os.Binder.execTransactInternal:1396 
02-27 09:52:28.791  1958 10125 W ContextImpl: Calling a method in the system process without a qualified user: android.app.ContextImpl.sendBroadcastMultiplePermissions:1352 com.android.server.TelephonyRegistry.broadcastServiceStateChanged:3794 com.android.server.TelephonyRegistry.notifyServiceStateForPhoneId:1779 com.android.internal.telephony.ITelephonyRegistry$Stub.onTransact:553 android.os.Binder.execTransactInternal:1396 
02-27 09:52:28.798  2567  2567 D ServiceStateProvider: subId=1
02-27 09:52:28.800  2758  2758 D CellBroadcastReceiver: onReceive Intent { act=android.intent.action.SERVICE_STATE flg=0x1000010 cmp=com.android.cellbroadcastreceiver.module/com.android.cellbroadcastreceiver.CellBroadcastReceiver (has extras) }
02-27 09:52:28.801  2758  2758 D CellBroadcastReceiver: onServiceStateChanged, ss: 0
02-27 09:52:28.801  2758  2758 D CellBroadcastReceiver: networkOperator: 334020
02-27 09:52:28.801  2758  2758 D CellBroadcastReceiver: update supported roaming operator as 
02-27 09:52:28.803 18312 18312 D CellBroadcastReceiver: onReceive Intent { act=android.intent.action.SERVICE_STATE flg=0x1000010 cmp=com.android.cellbroadcastreceiver.module/com.android.cellbroadcastreceiver.CellBroadcastReceiver (has extras) }
02-27 09:52:28.804 18312 18312 D CellBroadcastReceiver: onServiceStateChanged, ss: 0
02-27 09:52:28.804 18312 18312 D CellBroadcastReceiver: networkOperator: 334020
02-27 09:52:28.805 18312 18312 D CellBroadcastReceiver: update supported roaming operator as 
02-27 09:52:28.808   965   999 I netd    : tetherGetStats() -> {[]} <3.81ms>
02-27 09:52:28.813  2619  2619 D StatsLog: LAUNCHER_ALLAPPS_ENTRY_WITH_DEVICE_SEARCH
02-27 09:52:28.813  2351  2391 D WindowManagerShell: UNKNOWN MESSAGE (-2945141395292145768) false 294
02-27 09:52:28.813  2619  2619 D StateManager: onStateTransitionStart - state: AllApps
02-27 09:52:28.820  2567  2567 I Telephony: TelecomAccountRegistry$TelecomAccountTelephonyCallback: TelecomAccountRegistry: onServiceStateChanged: newState=0, mServiceState=0
02-27 09:52:28.821  2567  2567 I Telephony: isRttCurrentlySupported -- regular acct, hasVoiceAvailability: false
02-27 09:52:28.821  2567  2567 I Telephony:  isRttSupported: false
02-27 09:52:28.821  2567  2567 I Telephony:  alwaysAllowWhileRoaming: false
02-27 09:52:28.821  2567  2567 I Telephony:  isRoaming: false
02-27 09:52:28.821  2567  2567 I Telephony:  isOnWfc: false
02-27 09:52:28.851  2619  2619 D StateManager: onStateTransitionStart - state: AllApps
02-27 09:52:28.999  2619  2619 D StateManager: onStateTransitionEnd - state: AllApps
02-27 09:52:28.999  2619  2619 D RecentsView: reset - mEnableDrawingLiveTile: false, mRecentsAnimationController: null
02-27 09:52:29.000  2619  2619 D StatsLog: LAUNCHER_ALLAPPS_OPEN_UP
02-27 09:52:29.013  2619  2619 D OverviewActionsView: updateForGroupedTask() called with: isGroupedTask = [false], canSaveAppPair = [false]
02-27 09:52:29.013  2619  2619 D OverviewActionsView: updateActionButtonsVisibility() called: showSingleTaskActions = [true], showGroupActions = [false]
02-27 09:52:29.129  2619  2619 W FrameTracker: Missed App frame:JANK_APP_DEADLINE_MISSED, 1959187, 20174716, CUJ=J<LAUNCHER_OPEN_ALL_APPS::swipe>
02-27 09:52:29.130  2619  2619 W FrameTracker: Missed App frame:UNKNOWN: 72, 1959211, 50042722, CUJ=J<LAUNCHER_OPEN_ALL_APPS::swipe>
02-27 09:52:29.800     0     0 E [17724.978739,2] msm_dwc3_perf_vote_work: in_perf_mode:0, interrupts in last sample:0
02-27 09:52:30.018  2558  2997 D QCNEJ/WlanStaInfoRelay: Received action: android.net.wifi.RSSI_CHANGED
02-27 09:52:30.019  2558  2997 I QCNEJ/NativeHalConnector: -> SND notifyWlanStaStatusChanged([WlanStaInfo]: wifiSwitchState = 1 rssi = -60 ssid = INFINITUM54EC bssid = f4:2d:06:9b:20:40 dnsInfo = fe80::1%wlan0;192.168.1.254;0.0.0.0;0.0.0.0; freqBand = _5GHz countryCode = mx[RatInfo]: networkType = 1 subType = 101 networkState = CONNECTED netHdl = 501621903373 ipAddrV4 = 192.168.1.83 ipAddrV6 = 2806:102e:11:d62f:3cb1:67dc:3fe1:3f9a ifNameV4 = wlan0 ifNameV6 = wlan0 slotIdx = 0 isAndroidValidated = true) timeStamp = 2025-02-27 09:52:30.018
02-27 09:52:30.025   965   999 I netd    : networkAddUidRangesParcel(NativeUidRangeConfig{netId: 116, uidRanges: [UidRangeParcel{start: 0, stop: 2147483647}], subPriority: 998}) <3.58ms>
02-27 09:52:30.028   965   999 I netd    : networkRemoveUidRangesParcel(NativeUidRangeConfig{netId: 116, uidRanges: [UidRangeParcel{start: 0, stop: 2147483647}], subPriority: 998}) <1.00ms>
02-27 09:52:30.415  1072  1072 D audio_hw_primary: out_standby: enter: stream (0xee7c21a0) usecase(1: low-latency-playback)
02-27 09:52:30.436     0     0 E [17725.618021,0] q6asm_callback: payload size of 8 is less than expected.
02-27 09:52:30.486  1072  1072 D audio_hw_primary: disable_audio_route: reset and update mixer path: low-latency-playback
02-27 09:52:30.488  1072  1072 D msm8974_platform: platform_split_snd_device: snd_device(2) num devices(0) new_snd_devices(0)
02-27 09:52:30.488  1072  1072 I msm8974_platform: platform_get_custom_mtmx_params: no matching param with id 0 ip_ch 2 op_ch 2 uc_id 1 snd_dev 2
02-27 09:52:30.488  1072  1072 D hardware_info: hw_info_append_hw_type : device_name = speaker
02-27 09:52:30.488  1072  1072 D audio_hw_primary: disable_snd_device: snd_device(2: speaker)
02-27 09:52:30.488  1072  1072 D msm8974_platform: platform_split_snd_device: snd_device(2) num devices(0) new_snd_devices(0)
02-27 09:52:30.502  1072  1072 D audio_hw_primary: out_standby: exit
02-27 09:52:30.730     0     0 I [17725.909915,0] logd: logdr: UID=2000 GID=2000 PID=1064 b tail=0 logMask=99 pid=0 start=0ns deadline=0ns
02-27 09:52:31.807     0     0 E [17726.985700,2] msm_dwc3_perf_vote_work: in_perf_mode:0, interrupts in last sample:29
02-27 09:52:32.345  1958  2262 D InetDiagMessage: Destroyed 0 sockets, proto=IPPROTO_TCP, family=AF_INET, states=14
02-27 09:52:32.346  1958 19803 D ConnectivityService: Returning BLOCKED NetworkInfo to uid=10193
02-27 09:52:32.348  1958  2262 D InetDiagMessage: Destroyed 0 sockets, proto=IPPROTO_TCP, family=AF_INET6, states=14
02-27 09:52:32.349  1958  2262 D InetDiagMessage: Destroyed live tcp sockets for uids={10193} in 13ms
02-27 09:52:32.351  1958  2262 D InetDiagMessage: Destroyed 0 sockets, proto=IPPROTO_TCP, family=AF_INET, states=14
02-27 09:52:32.355  1958  2262 D InetDiagMessage: Destroyed 0 sockets, proto=IPPROTO_TCP, family=AF_INET6, states=14
02-27 09:52:32.355  1958  2262 D InetDiagMessage: Destroyed live tcp sockets for uids={20193} in 6ms
02-27 09:52:32.769  1958 10125 V GrammaticalInflectionUtils: AttributionSource: AttributionSource { uid = 10191, packageName = null, attributionTag = null, token = android.os.Binder@ded9e38, deviceId = 0, next = null } does not have READ_SYSTEM_GRAMMATICAL_GENDER permission.
02-27 09:52:32.769  1958 10125 W OptProp : Cannot read opt property android.window.PROPERTY_COMPAT_ALLOW_RESIZEABLE_ACTIVITY_OVERRIDES
02-27 09:52:32.770  1958 10125 W OptProp : Cannot read opt property android.window.PROPERTY_COMPAT_ALLOW_MIN_ASPECT_RATIO_OVERRIDE
02-27 09:52:32.779  1126 28059 D audioserver: logFgsApiBegin: FGS Logger Transaction failed, -129
02-27 09:52:32.780  1958  2008 W AS.PlaybackActivityMon: No piid assigned for invalid/internal port id 24
02-27 09:52:32.782  1072  2966 D audio_hw_primary: start_output_stream: enter: stream(0xee7c21a0)usecase(1: low-latency-playback) devices(0x2) is_haptic_usecase(0)
02-27 09:52:32.783  1072  2966 D audio_hw_primary: select_devices for use case (low-latency-playback)
02-27 09:52:32.783  1072  2966 I msm8974_platform: platform_check_and_set_codec_backend_cfg:becf: afe: bitwidth 16, samplerate 48000 channels 2, backend_idx 0 usecase = 1 device (speaker)
02-27 09:52:32.783  1072  2966 D msm8974_platform: platform_split_snd_device: snd_device(2) num devices(1) new_snd_devices(0)
02-27 09:52:32.783  1072  2966 I msm8974_platform: platform_check_and_set_codec_backend_cfg: new_snd_devices[0] is 2
02-27 09:52:32.783  1072  2966 I msm8974_platform: platform_check_codec_backend_cfg:becf: afe: bitwidth 16, samplerate 48000 channels 2, backend_idx 0 usecase = 1 device (speaker)
02-27 09:52:32.783  1958 10125 W OptProp : Cannot read opt property android.window.PROPERTY_COMPAT_ALLOW_ORIENTATION_OVERRIDE
02-27 09:52:32.783  1090  1090 I android.hardware.power-service-qti: Boost 3Not Supported
02-27 09:52:32.784  1072  2966 E audio_hw_extn: audio_extn_enable_hifi_filter: Could not get ctl for mixer cmd - HiFi Filter, using default control
02-27 09:52:32.784  1072  2966 D msm8974_platform: platform_check_codec_backend_cfg:becf: updated afe: bitwidth 16, samplerate 48000 channels 2,backend_idx 0 usecase = 1 device (speaker)
02-27 09:52:32.784  1072  2966 D msm8974_platform: platform_check_codec_backend_cfg:becf: afe: playback on codec device not supporting native playback set default Sample Rate(48k)
02-27 09:52:32.784  1072  2966 I msm8974_platform: platform_check_codec_backend_cfg:becf: afe: Codec selected backend: 0 updated bit width: 16 and sample rate: 48000
02-27 09:52:32.784  1072  2966 D audio_hw_primary: check_usecases_codec_backend:becf: force routing 0
02-27 09:52:32.784  1072  2966 E msm8974_platform: platform_check_backends_match: Invalid snd_device = 
02-27 09:52:32.784  1072  2966 D audio_hw_primary: check_usecases_codec_backend:becf: (74) check_usecases curr device: speaker, usecase device: backends match 0
02-27 09:52:32.784  1072  2966 D audio_hw_primary: check_usecases_codec_backend:becf: check_usecases num.of Usecases to switch 0
02-27 09:52:32.784  1072  2966 D hardware_info: hw_info_append_hw_type : device_name = speaker
02-27 09:52:32.784  1072  2966 D msm8974_platform: platform_split_snd_device: snd_device(2) num devices(0) new_snd_devices(0)
02-27 09:52:32.784  1072  2966 D audio_hw_primary: enable_snd_device: snd_device(2: speaker)
02-27 09:52:32.784  1072  2966 D audio_route: Apply path: speaker
02-27 09:52:32.789  1090  1090 I android.hardware.power-service-qti: Power setMode: 5 to: 1
02-27 09:52:32.791  1958 10125 V SplashScreenExceptionList: SplashScreen checking exception for package com.example.contactos (target sdk:34) -> false
02-27 09:52:32.794  1072  2966 I audio_hw_utils: audio_extn_utils_update_stream_output_app_type_cfg Allowing 24 and above bits playback on speaker ONLY at default sampling rate
02-27 09:52:32.794  1072  2966 W audio_hw_utils: audio_extn_utils_update_stream_output_app_type_cfg: App type could not be selected. Falling back to default
02-27 09:52:32.794  1072  2966 D audio_hw_utils: audio_extn_utils_send_app_type_cfg: usecase->out_snd_device speaker
02-27 09:52:32.794  1072  2966 D msm8974_platform: platform_split_snd_device: snd_device(2) num devices(0) new_snd_devices(0)
02-27 09:52:32.795  1072  2966 D audio_hw_utils: audio_extn_btsco_get_sample_rate:Not a BT SCO device, need not update sampling rate
02-27 09:52:32.795  1072  2966 I audio_hw_utils: send_app_type_cfg_for_device PLAYBACK app_type 69936, acdb_dev_id 14, sample_rate 48000, snd_device_be_idx 2
02-27 09:52:32.796  1072  2966 D msm8974_platform: platform_split_snd_device: snd_device(2) num devices(1) new_snd_devices(0)
02-27 09:52:32.796  1072  2966 D audio_hw_utils: audio_extn_btsco_get_sample_rate:Not a BT SCO device, need not update sampling rate
02-27 09:52:32.796  1072  2966 D ACDB-LOADER: ACDB -> send_audio_cal, acdb_id = 14, path = 0, app id = 0x11130, sample rate = 48000
02-27 09:52:32.796  1072  2966 D ACDB-LOADER: ACDB -> send_asm_topology
02-27 09:52:32.796  1072  2966 D ACDB-LOADER: ACDB -> ACDB_CMD_GET_AUDPROC_STREAM_TOPOLOGY_ID
02-27 09:52:32.796  1072  2966 D ACDB-LOADER: ACDB -> send_adm_topology
02-27 09:52:32.796  1072  2966 D ACDB-LOADER: ACDB -> ACDB_CMD_GET_AUDPROC_COMMON_TOPOLOGY_ID
02-27 09:52:32.796  1072  2966 D ACDB-LOADER: ACDB -> send_audtable
02-27 09:52:32.796  1072  2966 D ACDB-LOADER: ACDB -> ACDB_CMD_GET_AUDPROC_COMMON_TABLE_SIZE
02-27 09:52:32.796  1072  2966 D android.hardware.audio.service: ACDBFILE_MGR:Read the devices count as zero, please check the acdb file
02-27 09:52:32.797  1072  2966 D ACDB-LOADER: ACDB -> ACDB_CMD_GET_AUDPROC_COMMON_TABLE
02-27 09:52:32.797  1072  2966 D android.hardware.audio.service: ACDBFILE_MGR:Read the devices count as zero, please check the acdb file
02-27 09:52:32.797  1072  2966 D ACDB-LOADER: ACDB -> AUDIO_SET_AUDPROC_CAL
02-27 09:52:32.797  1072  2966 D ACDB-LOADER: ACDB -> send_audvoltable
02-27 09:52:32.797  1072  2966 D ACDB-LOADER: ACDB -> ACDB_CMD_GET_AUDPROC_VOL_STEP_TABLE_SIZE
02-27 09:52:32.797  1072  2966 D android.hardware.audio.service: ACDBFILE_MGR:Read the devices count as zero, please check the acdb file
02-27 09:52:32.797  1072  2966 D ACDB-LOADER: ACDB -> ACDB_CMD_GET_AUDPROC_GAIN_DEP_STEP_TABLE, vol index 0
02-27 09:52:32.797  1072  2966 D android.hardware.audio.service: ACDBFILE_MGR:Read the devices count as zero, please check the acdb file
02-27 09:52:32.797  1072  2966 D ACDB-LOADER: ACDB -> AUDIO_SET_VOL_CAL cal type = 12
02-27 09:52:32.797  1072  2966 D ACDB-LOADER: ACDB -> ACDB_CMD_GET_AUDPROC_STREAM_TABLE_SIZE
02-27 09:52:32.797  1072  2966 D ACDB-LOADER: ACDB -> send_audstrmtable
02-27 09:52:32.797  1072  2966 D ACDB-LOADER: ACDB -> ACDB_CMD_GET_AUDPROC_STREAM_TABLE_V2
02-27 09:52:32.797  1072  2966 D ACDB-LOADER: ACDB -> audstrm_cal->cal_type.cal_data.cal_size = 16
02-27 09:52:32.797  1072  2966 D ACDB-LOADER: ACDB -> send_afe_topology
02-27 09:52:32.797  1072  2966 D ACDB-LOADER: ACDB -> ACDB_CMD_GET_AFE_TOPOLOGY_ID
02-27 09:52:32.797  1072  2966 D ACDB-LOADER: ACDB -> GET_AFE_TOPOLOGY_ID for adcd_id 14, Topology Id 112fc
02-27 09:52:32.797  1072  2966 D ACDB-LOADER: ACDB -> send_afe_cal
02-27 09:52:32.797  1072  2966 D ACDB-LOADER: ACDB -> ACDB_CMD_GET_AFE_COMMON_TABLE_SIZE
02-27 09:52:32.797  1072  2966 D android.hardware.audio.service: ACDBFILE_MGR:Read the devices count as zero, please check the acdb file
02-27 09:52:32.797  1072  2966 D android.hardware.audio.service: Failed to fetch the lookup information of the device 0000000E 
02-27 09:52:32.797  1072  2966 E ACDB-LOADER: Error: ACDB_CMD_GET_AFE_COMMON_TABLE_SIZE Returned = -19
02-27 09:52:32.797  1072  2966 D ACDB-LOADER: ACDB -> ACDB_CMD_GET_AFE_COMMON_TABLE
02-27 09:52:32.797  1072  2966 D android.hardware.audio.service: ACDBFILE_MGR:Read the devices count as zero, please check the acdb file
02-27 09:52:32.797  1072  2966 D android.hardware.audio.service: Failed to fetch the lookup information of the device 0000000E 
02-27 09:52:32.797  1072  2966 E ACDB-LOADER: Error: ACDB AFE returned = -19
02-27 09:52:32.797  1072  2966 D ACDB-LOADER: ACDB -> AUDIO_SET_AFE_CAL
02-27 09:52:32.797  1072  2966 D ACDB-LOADER: ACDB -> send_hw_delay : acdb_id = 14 path = 0
02-27 09:52:32.797  1072  2966 D ACDB-LOADER: ACDB -> ACDB_AVSYNC_INFO: ACDB_CMD_GET_DEVICE_PROPERTY
02-27 09:52:32.797  1072  2966 D msm8974_platform: platform_split_snd_device: snd_device(2) num devices(0) new_snd_devices(0)
02-27 09:52:32.797  1072  2966 I msm8974_platform: platform_get_custom_mtmx_params: no matching param with id 0 ip_ch 2 op_ch 2 uc_id 1 snd_dev 2
02-27 09:52:32.797  1072  2966 D audio_hw_primary: enable_audio_route: apply mixer and update path: low-latency-playback
02-27 09:52:32.797  1072  2966 D audio_route: Apply path: low-latency-playback
02-27 09:52:32.797  1958 10125 I ActivityTaskManager: START u0 {act=android.intent.action.MAIN cat=[android.intent.category.LAUNCHER] flg=0x10200000 cmp=com.example.contactos/.MainActivity bnds=[216,892][432,1207]} with LAUNCH_MULTIPLE from uid 10144 (BAL_ALLOW_VISIBLE_WINDOW) result code=0
02-27 09:52:32.797  2351  2391 V WindowManagerShell: UNKNOWN MESSAGE (319134872409225255) 652 android.os.BinderProxy@572fff3 TransitionRequestInfo { type = OPEN, triggerTask = TaskInfo{userId=0 taskId=240 effectiveUid=10191 displayId=0 isRunning=true baseIntent=Intent { act=android.intent.action.MAIN cat=[android.intent.category.LAUNCHER] flg=0x10200000 cmp=com.example.contactos/.MainActivity } baseActivity=ComponentInfo{com.example.contactos/com.example.contactos.MainActivity} topActivity=ComponentInfo{com.example.contactos/com.example.contactos.MainActivity} origActivity=null realActivity=ComponentInfo{com.example.contactos/com.example.contactos.MainActivity} numActivities=1 lastActiveTime=76342632 supportsMultiWindow=true resizeMode=1 isResizeable=true minWidth=-1 minHeight=-1 defaultMinSize=220 token=WCT{android.window.IWindowContainerToken$Stub$Proxy@4e534b0} topActivityType=1 pictureInPictureParams=null shouldDockBigOverlays=false launchIntoPipHostTaskId=-1 lastParentTaskIdBeforePip=-1 displayCutoutSafeInsets=Rect(0, 0 - 0, 0) topActivityInfo=ActivityInfo{bc53f29 com.example.contactos.MainActivity} launchCookies=[android.os.BinderProxy@ef092ae] positionInParent=Point(0, 0) parentTaskId=-1 isFocused=false isVisible=false isVisibleRequested=false isSleeping=false locusId=null displayAreaFeatureId=1 isTopActivityTransparent=false isTopActivityStyleFloating=false lastNonFullscreenBounds=Rect(243, 514 - 838, 1594) capturedLink=null capturedLinkTimestamp=0 appCompatTaskInfo=AppCompatTaskInfo { topActivityInSizeCompat=false eligibleForLetterboxEducation= false isLetterboxEducationEnabled= false isLetterboxDoubleTapEnabled= false eligibleForUserAspectRatioButton= false topActivityBoundsLetterboxed= false isFromLetterboxDoubleTap= false topActivityLetterboxVerticalPosition= -1 topActivityLetterboxHorizontalPosition= -1 topActivityLetterboxWidth=1080 topActivityLetterboxHeight=2160 topActivityLetterboxAppWidth=1080 topActivityLetterboxAppHeight=2034 isUserFullscreenOverrideEnabled=false isSystemFullscreenOverrideEnabled=false hasMinAspectRatioOverride=false cameraCompatTaskInfo=CameraCompatTaskInfo { freeformCameraCompatMode=inactive}}}, pipTask = null, remoteTransition = RemoteTransition { remoteTransition = android.window.IRemoteTransition$Stub$Proxy@9b3a84f, appThread = android.app.IApplicationThread$Stub$Proxy@ae0ebdc, debugName = QuickstepLaunch }, displayChange = null, flags = 0, debugId = 652 }
02-27 09:52:32.798  2351  2391 D ShellSplitScreen: UNKNOWN MESSAGE (-7501547534164937581)
02-27 09:52:32.798  2351  2391 V WindowManagerShell: UNKNOWN MESSAGE (4921319494350418912) 652 android.os.BinderProxy@572fff3 RemoteTransition { remoteTransition = android.window.IRemoteTransition$Stub$Proxy@9b3a84f, appThread = android.app.IApplicationThread$Stub$Proxy@ae0ebdc, debugName = QuickstepLaunch }
02-27 09:52:32.798  2619  2619 D StatsLog: LAUNCHER_APP_LAUNCH_TAP
02-27 09:52:32.799  1072  2966 D audio_hw_primary: select_devices: done
02-27 09:52:32.806   965   999 I netd    : tetherGetStats() -> {[]} <2.06ms>
02-27 09:52:32.808  1136  1136 I BpBinder: onLastStrongRef automatically unlinking death recipients: 
02-27 09:52:32.811  2619  2619 W SplitSelectStateCtor: Missing session instanceIds
02-27 09:52:32.811  2619  2619 D StatsLog: LAUNCHER_SPLIT_SELECTION_EXIT_INTERRUPTED
02-27 09:52:32.816  1958  2033 V GrammaticalInflectionUtils: AttributionSource: AttributionSource { uid = 10191, packageName = null, attributionTag = null, token = android.os.Binder@ded9e38, deviceId = 0, next = null } does not have READ_SYSTEM_GRAMMATICAL_GENDER permission.
02-27 09:52:32.831   968   968 D Zygote  : Forked child process 1125
02-27 09:52:32.833  1958  2051 I ActivityManager: Start proc 1125:com.example.contactos/u0a191 for next-top-activity {com.example.contactos/com.example.contactos.MainActivity}
02-27 09:52:32.834  3278  3294 D ForegroundUtils: Foreground UID status:
02-27 09:52:32.834  3278  3294 D ForegroundUtils: UID: 10084 is in foreground: false
02-27 09:52:32.834  3278  3294 D ForegroundUtils: UID: 10100 is in foreground: false
02-27 09:52:32.834  3278  3294 D ForegroundUtils: UID: 10144 is in foreground: true
02-27 09:52:32.834  3278  3294 D ForegroundUtils: UID: 10147 is in foreground: true
02-27 09:52:32.834  3278  3294 D ForegroundUtils: UID: 10162 is in foreground: true
02-27 09:52:32.834  3278  3294 D ForegroundUtils: UID: 10165 is in foreground: false
02-27 09:52:32.834  3278  3294 D ForegroundUtils: UID: 10190 is in foreground: false
02-27 09:52:32.834  3278  3294 D ForegroundUtils: UID: 10193 is in foreground: false
02-27 09:52:32.834  3278  3294 D ForegroundUtils: UID: 10201 is in foreground: false
02-27 09:52:32.834  3278  3294 D ForegroundUtils: UID: 1010162 is in foreground: true
02-27 09:52:32.850     0     0 E [17728.030497,0] q6asm_callback: payload size of 8 is less than expected.
02-27 09:52:32.850     0     0 E [17728.031014,0] q6asm_callback: payload size of 8 is less than expected.
02-27 09:52:32.850  1125  1125 I ample.contactos: Late-enabling -Xcheck:jni
02-27 09:52:32.859  2351  2408 D SplashScreenView: Build android.window.SplashScreenView{7c729e0 V.E...... ......ID 0,0-0,0}
02-27 09:52:32.859  2351  2408 D SplashScreenView: Icon: view: android.widget.ImageView{1cf4499 V.ED..... ......I. 0,0-0,0 #102051a android:id/splashscreen_icon_view} drawable: com.android.wm.shell.startingsurface.SplashscreenIconDrawableFactory$ImmobileIconDrawable@37d035e size: 420
02-27 09:52:32.859  2351  2408 D SplashScreenView: Branding: view: android.view.View{bf5433f G.ED..... ......I. 0,0-0,0 #1020519 android:id/splashscreen_branding_view} drawable: null size w: 0 h: 0
02-27 09:52:32.862  1958 24415 D CoreBackPreview: Window{83541b2 u0 Splash Screen com.example.contactos}: Setting back callback OnBackInvokedCallbackInfo{mCallback=android.window.IOnBackInvokedCallback$Stub$Proxy@3b1c6fe, mPriority=0, mIsAnimationCallback=false}
02-27 09:52:32.867  1072  2966 D msm8974_platform: platform_set_channel_map mixer_ctl_name:Playback Channel Map13
02-27 09:52:32.868  1072  2966 D msm8974_platform: platform_set_channel_map: set mapping(1 2 0 0 0 0 0 0) for channel:2
02-27 09:52:32.868     0     0 E [17728.046231,0] q6asm_callback: payload size of 8 is less than expected.
02-27 09:52:32.869  1090  1090 I android.hardware.power-service-qti: Boost 3Not Supported
02-27 09:52:32.870  1072  2966 D audio_hw_primary: start_output_stream: exit
02-27 09:52:32.873     0     0 E [17728.054698,0] q6asm_callback: payload size of 8 is less than expected.
02-27 09:52:32.886  1958  2030 V WindowManager: Sent Transition (#652) createdAt=02-27 09:52:32.770 via request=TransitionRequestInfo { type = OPEN, triggerTask = TaskInfo{userId=0 taskId=240 effectiveUid=10191 displayId=0 isRunning=true baseIntent=Intent { act=android.intent.action.MAIN cat=[android.intent.category.LAUNCHER] flg=0x10200000 cmp=com.example.contactos/.MainActivity } baseActivity=ComponentInfo{com.example.contactos/com.example.contactos.MainActivity} topActivity=ComponentInfo{com.example.contactos/com.example.contactos.MainActivity} origActivity=null realActivity=ComponentInfo{com.example.contactos/com.example.contactos.MainActivity} numActivities=1 lastActiveTime=76342632 supportsMultiWindow=true resizeMode=1 isResizeable=true minWidth=-1 minHeight=-1 defaultMinSize=220 token=WCT{RemoteToken{bde6175 Task{6a6b926 #240 type=standard A=10191:com.example.contactos isResizeable=true minWidth=-1 minHeight=-1}}} topActivityType=1 pictureInPictureParams=null shouldDockBigOverlays=false launchIntoPipHostTaskId=-1 lastParentTaskIdBeforePip=-1 displayCutoutSafeInsets=Rect(0, 0 - 0, 0) topActivityInfo=ActivityInfo{4df550a com.example.contactos.MainActivity} launchCookies=[android.os.BinderProxy@ebc717b] positionInParent=Point(0, 0) parentTaskId=-1 isFocused=false isVisible=false isVisibleRequested=false isSleeping=false locusId=null displayAreaFeatureId=1 isTopActivityTransparent=false isTopActivityStyleFloating=false lastNonFullscreenBounds=Rect(243, 514 - 838, 1594) capturedLink=null capturedLinkTimestamp=0 appCompatTaskInfo=AppCompatTaskInfo { topActivityInSizeCompat=false eligibleForLetterboxEducation= false isLetterboxEducationEnabled= false isLetterboxDoubleTapEnabled= false eligibleForUserAspectRatioButton= false topActivityBoundsLetterboxed= false isFromLetterboxDoubleTap= false topActivityLetterboxVerticalPosition= -1 topActivityLetterboxHorizontalPosition= -1 topActivityLetterboxWidth=1080 topActivityLetterboxHeight=2160 topActivityLetterboxAppWidth=1080 topActivityLetterboxAppHeight=2034 isUserFullscreenOverrideEnabled=false isSystemFullscreenOverrideEnabled=false hasMinAspectRatioOverride=false cameraCompatTaskInfo=CameraCompatTaskInfo { freeformCameraCompatMode=inactive}}}, pipTask = null, remoteTransition = RemoteTransition { remoteTransition = android.window.IRemoteTransition$Stub$Proxy@f1fb98, appThread = android.app.IApplicationThread$Stub$Proxy@1409ff1, debugName = QuickstepLaunch }, displayChange = null, flags = 0, debugId = 652 }
02-27 09:52:32.886  1958  2030 V WindowManager:     startWCT=WindowContainerTransaction { changes = {} hops = [] errorCallbackToken=null taskFragmentOrganizer=null }
02-27 09:52:32.886  1958  2030 V WindowManager:     info={id=652 t=OPEN f=0x0 trk=0 r=[0@Point(0, 0)] c=[
02-27 09:52:32.886  1958  2030 V WindowManager:         {WCT{RemoteToken{bde6175 Task{6a6b926 #240 type=standard A=10191:com.example.contactos isResizeable=true minWidth=-1 minHeight=-1}}} m=OPEN f=NONE leash=Surface(name=Task=240)/@0x3c74e5f sb=Rect(0, 0 - 1080, 2160) eb=Rect(0, 0 - 1080, 2160) epz=Point(1080, 2160) d=0 taskParent=-1},
02-27 09:52:32.886  1958  2030 V WindowManager:         {WCT{RemoteToken{9af284a Task{38a73df #1 type=home isResizeable=true minWidth=-1 minHeight=-1}}} m=TO_BACK f=SHOW_WALLPAPER leash=Surface(name=Task=1)/@0x9c4837e sb=Rect(0, 0 - 1080, 2160) eb=Rect(0, 0 - 1080, 2160) epz=Point(1080, 2160) d=0 taskParent=-1}
02-27 09:52:32.886  1958  2030 V WindowManager:     ]}
02-27 09:52:32.887  2351  5732 V WindowManagerShell: UNKNOWN MESSAGE (6541979577719206723) 8409545997503
02-27 09:52:32.887  2351  2391 V WindowManagerShell: UNKNOWN MESSAGE (1354476626241269833) 652 android.os.BinderProxy@572fff3 {id=652 t=OPEN f=0x0 trk=0 r=[0@Point(0, 0)] c=[{WCT{android.window.IWindowContainerToken$Stub$Proxy@1b0960d} m=OPEN f=NONE leash=Surface(name=Task=240)/@0x502036 sb=Rect(0, 0 - 1080, 2160) eb=Rect(0, 0 - 1080, 2160) epz=Point(1080, 2160) d=0 taskParent=-1},{WCT{android.window.IWindowContainerToken$Stub$Proxy@f609c2} m=TO_BACK f=SHOW_WALLPAPER leash=Surface(name=Task=1)/@0xbb25b37 sb=Rect(0, 0 - 1080, 2160) eb=Rect(0, 0 - 1080, 2160) epz=Point(1080, 2160) d=0 taskParent=-1}]}
02-27 09:52:32.887  2351  2391 V WindowManagerShell: UNKNOWN MESSAGE (7933815964243868580) (#652) android.os.BinderProxy@572fff3@0
02-27 09:52:32.888  2351  2391 V WindowManagerShell: UNKNOWN MESSAGE (5057565356781286066) com.android.wm.shell.transition.DefaultMixedHandler@a8b9d5a
02-27 09:52:32.888  2351  2391 V WindowManagerShell: UNKNOWN MESSAGE (-7793568157808052319) 652
02-27 09:52:32.888  2351  2391 V WindowManagerShell: UNKNOWN MESSAGE (-957464960872531856) 652 RemoteTransition { remoteTransition = android.window.IRemoteTransition$Stub$Proxy@9b3a84f, appThread = android.app.IApplicationThread$Stub$Proxy@ae0ebdc, debugName = QuickstepLaunch }
02-27 09:52:32.893  2351  2391 V WindowManagerShell: UNKNOWN MESSAGE (2542068187878801251)
02-27 09:52:32.899  1958 10125 W UserManagerService: Requested status bar icon for non-badged user 0
02-27 09:52:32.902  1125  1125 I ample.contactos: Using CollectorTypeCC GC.
02-27 09:52:32.911  1166  1221 I adbd    : jdwp connection from 1125
02-27 09:52:32.924  1125  1125 D nativeloader: Load libframework-connectivity-tiramisu-jni.so using APEX ns com_android_tethering for caller /apex/com.android.tethering/javalib/framework-connectivity-t.jar: ok
02-27 09:52:32.927     0     0 I [17728.107417,2] binder: 1125:1125 ioctl 40046210 7ff83d1d24 returned -22
02-27 09:52:32.945  1958 24415 W com.android.internal.protolog.LogcatOnlyProtoLogImpl: ProtoLog message not processed. Failed to log it to proto. Logging it below to logcat instead.
02-27 09:52:32.945  1958 24415 V WindowManager: Binding proc com.example.contactos with config {1.15 334mcc20mnc [en_US,es_MX] ldltr sw411dp w411dp h775dp 420dpi nrml long widecg port night finger -keyb/v/h -nav/h winConfig={ mBounds=Rect(0, 0 - 1080, 2160) mAppBounds=Rect(0, 0 - 1080, 2034) mMaxBounds=Rect(0, 0 - 1080, 2160) mDisplayRotation=ROTATION_0 mWindowingMode=fullscreen mActivityType=undefined mAlwaysOnTop=undefined mRotation=ROTATION_0} as.4 s.71 fontWeightAdjustment=0}
02-27 09:52:32.950  3278  3294 D ForegroundUtils: Foreground UID status:
02-27 09:52:32.950  3278  3294 D ForegroundUtils: UID: 10084 is in foreground: false
02-27 09:52:32.950  3278  3294 D ForegroundUtils: UID: 10100 is in foreground: false
02-27 09:52:32.950  3278  3294 D ForegroundUtils: UID: 10144 is in foreground: true
02-27 09:52:32.950  3278  3294 D ForegroundUtils: UID: 10147 is in foreground: true
02-27 09:52:32.950  3278  3294 D ForegroundUtils: UID: 10162 is in foreground: true
02-27 09:52:32.950  3278  3294 D ForegroundUtils: UID: 10165 is in foreground: false
02-27 09:52:32.950  3278  3294 D ForegroundUtils: UID: 10190 is in foreground: false
02-27 09:52:32.950  3278  3294 D ForegroundUtils: UID: 10191 is in foreground: true
02-27 09:52:32.950  3278  3294 D ForegroundUtils: UID: 10193 is in foreground: false
02-27 09:52:32.950  3278  3294 D ForegroundUtils: UID: 10201 is in foreground: false
02-27 09:52:32.950  3278  3294 D ForegroundUtils: UID: 1010162 is in foreground: true
02-27 09:52:32.967  1125  1125 D CompatChangeReporter: Compat change id reported: 242716250; UID 10191; state: ENABLED
02-27 09:52:33.006  1125  1125 W ziparchive: Unable to open '/data/app/~~0EyGvUUceg6LbRiXh4j_tQ==/com.example.contactos-daSTLYlppuACv7wQFz1Q5g==/base.dm': No such file or directory
02-27 09:52:33.006  1125  1125 W ziparchive: Unable to open '/data/app/~~0EyGvUUceg6LbRiXh4j_tQ==/com.example.contactos-daSTLYlppuACv7wQFz1Q5g==/base.dm': No such file or directory
02-27 09:52:33.048  1126  1920 D audioserver: logFgsApiEnd: FGS Logger Transaction failed, -129
02-27 09:52:33.049  1126  1411 W APM::AudioPolicyEngine: getDevicesForStrategyInt unknown strategy: 10
02-27 09:52:33.049  1126  1411 I APM::AudioPolicyEngine: getDevicesForStrategyInt no device found for strategy 10
02-27 09:52:33.059   965   999 I netd    : networkAddUidRangesParcel(NativeUidRangeConfig{netId: 116, uidRanges: [UidRangeParcel{start: 0, stop: 2147483647}], subPriority: 998}) <3.42ms>
02-27 09:52:33.064   965   999 I netd    : networkRemoveUidRangesParcel(NativeUidRangeConfig{netId: 116, uidRanges: [UidRangeParcel{start: 0, stop: 2147483647}], subPriority: 998}) <0.46ms>
02-27 09:52:33.330  1125  1125 D nativeloader: Configuring clns-7 for other apk /data/app/~~0EyGvUUceg6LbRiXh4j_tQ==/com.example.contactos-daSTLYlppuACv7wQFz1Q5g==/base.apk. target_sdk_version=34, uses_libraries=, library_path=/data/app/~~0EyGvUUceg6LbRiXh4j_tQ==/com.example.contactos-daSTLYlppuACv7wQFz1Q5g==/lib/arm64, permitted_path=/data:/mnt/expand:/data/user/0/com.example.contactos
02-27 09:52:33.359  1125  1125 V GraphicsEnvironment: Currently set values for:
02-27 09:52:33.359  1125  1125 V GraphicsEnvironment:   angle_gl_driver_selection_pkgs=[]
02-27 09:52:33.360  1125  1125 V GraphicsEnvironment:   angle_gl_driver_selection_values=[]
02-27 09:52:33.360  1125  1125 V GraphicsEnvironment: Global.Settings values are invalid: number of packages: 0, number of values: 0
02-27 09:52:33.360  1125  1125 V GraphicsEnvironment: Neither updatable production driver nor prerelease driver is supported.
02-27 09:52:33.415  1958 10125 I AppsFilter: interaction: PackageSetting{308a87 com.example.contactos/10191} -> PackageSetting{c5312ec com.android.launcher3/10144} BLOCKED
02-27 09:52:33.437  2351  2391 V WindowManagerShell: UNKNOWN MESSAGE (5216177164274512366) false (#652) android.os.BinderProxy@572fff3@0
02-27 09:52:33.440  1958  2030 V WindowManager: Finish Transition (#652): created at 02-27 09:52:32.770 collect-started=0.116ms request-sent=24.901ms started=32.176ms ready=110.434ms sent=113.755ms finished=668.715ms
02-27 09:52:33.447  2351  2391 V WindowManagerShell: UNKNOWN MESSAGE (-1071245984949193362) 0
02-27 09:52:33.448  2351  2391 V WindowManagerShell: UNKNOWN MESSAGE (5665710760068723116)
02-27 09:52:33.450  2619  2619 D VRI[QuickstepLauncher]: visibilityChanged oldVisibility=true newVisibility=false
02-27 09:52:33.451  1958 10125 W UserManagerService: Requested status bar icon for non-badged user 0
02-27 09:52:33.454  1958 10125 D ConnectivityService: requestNetwork for uid/pid:10147/2351 asUid: 10191 activeRequest: null callbackRequest: 1255 [NetworkRequest [ REQUEST id=1256, [ Capabilities: INTERNET&NOT_RESTRICTED&TRUSTED&NOT_VCN_MANAGED&NOT_BANDWIDTH_CONSTRAINED Uid: 10191 RequestorUid: 10147 RequestorPkg: com.android.systemui UnderlyingNetworks: Null] ]] callback flags: 0 order: 2147483647 isUidTracked: false declaredMethods: ALL
02-27 09:52:33.459  1958 19803 W UserManagerService: Requested status bar icon for non-badged user 0
02-27 09:52:33.461  1958  2253 D WifiNetworkFactory: got request NetworkRequest [ REQUEST id=1256, [ Capabilities: INTERNET&NOT_RESTRICTED&TRUSTED&NOT_VCN_MANAGED&NOT_BANDWIDTH_CONSTRAINED Uid: 10191 RequestorUid: 10147 RequestorPkg: com.android.systemui UnderlyingNetworks: Null] ]
02-27 09:52:33.461  1958  2253 D UntrustedWifiNetworkFactory: got request NetworkRequest [ REQUEST id=1256, [ Capabilities: INTERNET&NOT_RESTRICTED&TRUSTED&NOT_VCN_MANAGED&NOT_BANDWIDTH_CONSTRAINED Uid: 10191 RequestorUid: 10147 RequestorPkg: com.android.systemui UnderlyingNetworks: Null] ]
02-27 09:52:33.461  1958  2253 D OemPaidWifiNetworkFactory: got request NetworkRequest [ REQUEST id=1256, [ Capabilities: INTERNET&NOT_RESTRICTED&TRUSTED&NOT_VCN_MANAGED&NOT_BANDWIDTH_CONSTRAINED Uid: 10191 RequestorUid: 10147 RequestorPkg: com.android.systemui UnderlyingNetworks: Null] ]
02-27 09:52:33.461  1958  2253 D MultiInternetWifiNetworkFactory: got request NetworkRequest [ REQUEST id=1256, [ Capabilities: INTERNET&NOT_RESTRICTED&TRUSTED&NOT_VCN_MANAGED&NOT_BANDWIDTH_CONSTRAINED Uid: 10191 RequestorUid: 10147 RequestorPkg: com.android.systemui UnderlyingNetworks: Null] ]
02-27 09:52:33.462  1958  2262 D ConnectivityService: NetReassign [1256 : null  116] [c 0] [a 1] [i 5]
02-27 09:52:33.534  2619  2619 W FrameTracker: Missing SF jank callback for vsyncId: 1959750, CUJ=J<LAUNCHER_APP_LAUNCH_FROM_ICON>
02-27 09:52:33.534  2619  2619 W FrameTracker: Missing SF jank callback for vsyncId: 1959763, CUJ=J<LAUNCHER_APP_LAUNCH_FROM_ICON>
02-27 09:52:33.534  2619  2619 W FrameTracker: Missing SF jank callback for vsyncId: 1959776, CUJ=J<LAUNCHER_APP_LAUNCH_FROM_ICON>
02-27 09:52:33.534  2619  2619 W FrameTracker: Missing SF jank callback for vsyncId: 1959789, CUJ=J<LAUNCHER_APP_LAUNCH_FROM_ICON>
02-27 09:52:33.534  2619  2619 W FrameTracker: Missing SF jank callback for vsyncId: 1959808, CUJ=J<LAUNCHER_APP_LAUNCH_FROM_ICON>
02-27 09:52:33.534  2619  2619 W FrameTracker: Missing SF jank callback for vsyncId: 1959827, CUJ=J<LAUNCHER_APP_LAUNCH_FROM_ICON>
02-27 09:52:33.534  2619  2619 W FrameTracker: Missing SF jank callback for vsyncId: 1959846, CUJ=J<LAUNCHER_APP_LAUNCH_FROM_ICON>
02-27 09:52:33.534  2619  2619 W FrameTracker: Missing SF jank callback for vsyncId: 1959865, CUJ=J<LAUNCHER_APP_LAUNCH_FROM_ICON>
02-27 09:52:33.534  2619  2619 W FrameTracker: Missing SF jank callback for vsyncId: 1959884, CUJ=J<LAUNCHER_APP_LAUNCH_FROM_ICON>
02-27 09:52:33.534  2619  2619 W FrameTracker: Missing SF jank callback for vsyncId: 1959903, CUJ=J<LAUNCHER_APP_LAUNCH_FROM_ICON>
02-27 09:52:33.534  2619  2619 W FrameTracker: Missing SF jank callback for vsyncId: 1959922, CUJ=J<LAUNCHER_APP_LAUNCH_FROM_ICON>
02-27 09:52:33.534  2619  2619 W FrameTracker: Missing SF jank callback for vsyncId: 1959941, CUJ=J<LAUNCHER_APP_LAUNCH_FROM_ICON>
02-27 09:52:33.534  2619  2619 W FrameTracker: Missing SF jank callback for vsyncId: 1959960, CUJ=J<LAUNCHER_APP_LAUNCH_FROM_ICON>
02-27 09:52:33.534  2619  2619 W FrameTracker: Missing SF jank callback for vsyncId: 1959979, CUJ=J<LAUNCHER_APP_LAUNCH_FROM_ICON>
02-27 09:52:33.534  2619  2619 W FrameTracker: Missing SF jank callback for vsyncId: 1959998, CUJ=J<LAUNCHER_APP_LAUNCH_FROM_ICON>
02-27 09:52:33.534  2619  2619 W FrameTracker: Missing SF jank callback for vsyncId: 1960017, CUJ=J<LAUNCHER_APP_LAUNCH_FROM_ICON>
02-27 09:52:33.534  2619  2619 W FrameTracker: Missing SF jank callback for vsyncId: 1960036, CUJ=J<LAUNCHER_APP_LAUNCH_FROM_ICON>
02-27 09:52:33.534  2619  2619 W FrameTracker: Missing SF jank callback for vsyncId: 1960049, CUJ=J<LAUNCHER_APP_LAUNCH_FROM_ICON>
02-27 09:52:33.534  2619  2619 W FrameTracker: Missing SF jank callback for vsyncId: 1960074, CUJ=J<LAUNCHER_APP_LAUNCH_FROM_ICON>
02-27 09:52:33.534  2619  2619 W FrameTracker: Missing SF jank callback for vsyncId: 1960093, CUJ=J<LAUNCHER_APP_LAUNCH_FROM_ICON>
02-27 09:52:33.534  2619  2619 W FrameTracker: Missing SF jank callback for vsyncId: 1960112, CUJ=J<LAUNCHER_APP_LAUNCH_FROM_ICON>
02-27 09:52:33.534  2619  2619 W FrameTracker: Missing SF jank callback for vsyncId: 1960125, CUJ=J<LAUNCHER_APP_LAUNCH_FROM_ICON>
02-27 09:52:33.534  2619  2619 W FrameTracker: Missing SF jank callback for vsyncId: 1960150, CUJ=J<LAUNCHER_APP_LAUNCH_FROM_ICON>
02-27 09:52:33.534  2619  2619 W FrameTracker: Missing SF jank callback for vsyncId: 1960169, CUJ=J<LAUNCHER_APP_LAUNCH_FROM_ICON>
02-27 09:52:33.534  2619  2619 W FrameTracker: Missing SF jank callback for vsyncId: 1960188, CUJ=J<LAUNCHER_APP_LAUNCH_FROM_ICON>
02-27 09:52:33.534  2619  2619 W FrameTracker: Missing SF jank callback for vsyncId: 1960227, CUJ=J<LAUNCHER_APP_LAUNCH_FROM_ICON>
02-27 09:52:33.534  2619  2619 W FrameTracker: Missing SF jank callback for vsyncId: 1960234, CUJ=J<LAUNCHER_APP_LAUNCH_FROM_ICON>
02-27 09:52:33.539  1125  1125 D AppCompatDelegate: Checking for metadata for AppLocalesMetadataHolderService : Service not found
02-27 09:52:33.633  1125  1125 D DesktopModeFlagsUtil: Toggle override initialized to: OVERRIDE_UNSET
02-27 09:52:33.770  1125  1125 W ample.contactos: Accessing hidden method Landroid/view/View;->computeFitSystemWindows(Landroid/graphics/Rect;Landroid/graphics/Rect;)Z (unsupported, reflection, allowed)
02-27 09:52:33.770  1125  1125 W ample.contactos: Accessing hidden method Landroid/view/ViewGroup;->makeOptionalFitsSystemWindows()V (unsupported, reflection, allowed)
02-27 09:52:33.813     0     0 E [17728.991990,2] msm_dwc3_perf_vote_work: in_perf_mode:0, interrupts in last sample:362
02-27 09:52:33.998  1125  1125 E TransactionExecutor: Failed to execute the transaction: tId:-1340149730 ClientTransaction{
02-27 09:52:33.998  1125  1125 E TransactionExecutor: tId:-1340149730   transactionItems=[
02-27 09:52:33.998  1125  1125 E TransactionExecutor: tId:-1340149730     LaunchActivityItem{activityToken=android.os.BinderProxy@90328e5,intent=Intent { act=android.intent.action.MAIN cat=[android.intent.category.LAUNCHER] flg=0x10200000 cmp=com.example.contactos/.MainActivity bnds=[216,892][432,1207] },ident=145396865,info=ActivityInfo{b3fd760 com.example.contactos.MainActivity},curConfig={1.15 334mcc20mnc [en_US,es_MX] ldltr sw411dp w411dp h775dp 420dpi nrml long widecg port night finger -keyb/v/h -nav/h winConfig={ mBounds=Rect(0, 0 - 1080, 2160) mAppBounds=Rect(0, 0 - 1080, 2034) mMaxBounds=Rect(0, 0 - 1080, 2160) mDisplayRotation=ROTATION_0 mWindowingMode=fullscreen mActivityType=undefined mAlwaysOnTop=undefined mRotation=ROTATION_0} as.4 s.71 fontWeightAdjustment=0},overrideConfig={1.15 334mcc20mnc [en_US,es_MX] ldltr sw411dp w411dp h775dp 420dpi nrml long widecg port night finger -keyb/v/h -nav/h winConfig={ mBounds=Rect(0, 0 - 1080, 2160) mAppBounds=Rect(0, 0 - 1080, 2034) mMaxBounds=Rect(0, 0 - 1080, 2160) mDisplayRotation=ROTATION_0 mWindowingMode=fullscreen mActivityType=standard mAlwaysOnTop=undefined mRotation=ROTATION_0} as.4 s.2 fontWeightAdjustment=0},deviceId=0,referrer=null,procState=2,state=null,persistentState=null,pendingResults=null,pendingNewIntents=null,sceneTransitionInfo=null,profilerInfo=null,assistToken=android.os.BinderProxy@c58731d,shareableActivityToken=android.os.BinderProxy@a2a0992,activityWindowInfo=ActivityWindowInfo{isEmbedded=false, taskBounds=Rect(0, 0 - 1080, 2160), taskFragmentBounds=Rect(0, 0 - 1080, 2160)}}
02-27 09:52:33.998  1125  1125 E TransactionExecutor: tId:-1340149730     ResumeActivityItem{mActivityToken=android.os.BinderProxy@90328e5,procState=-1,isForward=true,shouldSendCompatFakeFocus=false}
02-27 09:52:33.998  1125  1125 E TransactionExecutor: tId:-1340149730     Target activity: com.example.contactos.MainActivity
02-27 09:52:33.998  1125  1125 E TransactionExecutor: tId:-1340149730   ]
02-27 09:52:33.998  1125  1125 E TransactionExecutor: tId:-1340149730 }
02-27 09:52:33.999  1125  1125 D AndroidRuntime: Shutting down VM
--------- beginning of crash
02-27 09:52:34.008  1125  1125 E AndroidRuntime: FATAL EXCEPTION: main
02-27 09:52:34.008  1125  1125 E AndroidRuntime: Process: com.example.contactos, PID: 1125
02-27 09:52:34.008  1125  1125 E AndroidRuntime: java.lang.RuntimeException: Unable to start activity ComponentInfo{com.example.contactos/com.example.contactos.MainActivity}: java.lang.IllegalStateException: This Activity already has an action bar supplied by the window decor. Do not request Window.FEATURE_SUPPORT_ACTION_BAR and set windowActionBar to false in your theme to use a Toolbar instead.
02-27 09:52:34.008  1125  1125 E AndroidRuntime: 	at android.app.ActivityThread.performLaunchActivity(ActivityThread.java:4129)
02-27 09:52:34.008  1125  1125 E AndroidRuntime: 	at android.app.ActivityThread.handleLaunchActivity(ActivityThread.java:4316)
02-27 09:52:34.008  1125  1125 E AndroidRuntime: 	at android.app.servertransaction.LaunchActivityItem.execute(LaunchActivityItem.java:222)
02-27 09:52:34.008  1125  1125 E AndroidRuntime: 	at android.app.servertransaction.TransactionExecutor.executeNonLifecycleItem(TransactionExecutor.java:133)
02-27 09:52:34.008  1125  1125 E AndroidRuntime: 	at android.app.servertransaction.TransactionExecutor.executeTransactionItems(TransactionExecutor.java:103)
02-27 09:52:34.008  1125  1125 E AndroidRuntime: 	at android.app.servertransaction.TransactionExecutor.execute(TransactionExecutor.java:80)
02-27 09:52:34.008  1125  1125 E AndroidRuntime: 	at android.app.ActivityThread$H.handleMessage(ActivityThread.java:2719)
02-27 09:52:34.008  1125  1125 E AndroidRuntime: 	at android.os.Handler.dispatchMessage(Handler.java:109)
02-27 09:52:34.008  1125  1125 E AndroidRuntime: 	at android.os.Looper.loopOnce(Looper.java:232)
02-27 09:52:34.008  1125  1125 E AndroidRuntime: 	at android.os.Looper.loop(Looper.java:317)
02-27 09:52:34.008  1125  1125 E AndroidRuntime: 	at android.app.ActivityThread.main(ActivityThread.java:8787)
02-27 09:52:34.008  1125  1125 E AndroidRuntime: 	at java.lang.reflect.Method.invoke(Native Method)
02-27 09:52:34.008  1125  1125 E AndroidRuntime: 	at com.android.internal.os.RuntimeInit$MethodAndArgsCaller.run(RuntimeInit.java:591)
02-27 09:52:34.008  1125  1125 E AndroidRuntime: 	at com.android.internal.os.ZygoteInit.main(ZygoteInit.java:871)
02-27 09:52:34.008  1125  1125 E AndroidRuntime: Caused by: java.lang.IllegalStateException: This Activity already has an action bar supplied by the window decor. Do not request Window.FEATURE_SUPPORT_ACTION_BAR and set windowActionBar to false in your theme to use a Toolbar instead.
02-27 09:52:34.008  1125  1125 E AndroidRuntime: 	at androidx.appcompat.app.AppCompatDelegateImpl.setSupportActionBar(AppCompatDelegateImpl.java:630)
02-27 09:52:34.008  1125  1125 E AndroidRuntime: 	at androidx.appcompat.app.AppCompatActivity.setSupportActionBar(AppCompatActivity.java:185)
02-27 09:52:34.008  1125  1125 E AndroidRuntime: 	at com.example.contactos.MainActivity.onCreate(MainActivity.java:42)
02-27 09:52:34.008  1125  1125 E AndroidRuntime: 	at android.app.Activity.performCreate(Activity.java:9019)
02-27 09:52:34.008  1125  1125 E AndroidRuntime: 	at android.app.Activity.performCreate(Activity.java:8997)
02-27 09:52:34.008  1125  1125 E AndroidRuntime: 	at android.app.Instrumentation.callActivityOnCreate(Instrumentation.java:1528)
02-27 09:52:34.008  1125  1125 E AndroidRuntime: 	at android.app.ActivityThread.performLaunchActivity(ActivityThread.java:4111)
02-27 09:52:34.008  1125  1125 E AndroidRuntime: 	... 13 more
02-27 09:52:34.020  1958 19803 W ActivityTaskManager:   Force finishing activity com.example.contactos/.MainActivity
02-27 09:52:34.021  2351  2391 V WindowManagerShell: UNKNOWN MESSAGE (319134872409225255) 653 android.os.BinderProxy@bdf8a4b TransitionRequestInfo { type = CLOSE, triggerTask = null, pipTask = null, remoteTransition = null, displayChange = null, flags = 10, debugId = 653 }
02-27 09:52:34.025  2619  2619 D VRI[QuickstepLauncher]: visibilityChanged oldVisibility=false newVisibility=true
02-27 09:52:34.037  1125  1125 I Process : Sending signal. PID: 1125 SIG: 9
02-27 09:52:34.061  1136  1136 I BpBinder: onLastStrongRef automatically unlinking death recipients: 
02-27 09:52:34.074  1958  2657 I ActivityManager: Process com.example.contactos (pid 1125) has died: fg  TOP 
02-27 09:52:34.074  1166  1166 I adbd    : Remote process closed the socket (on MSG_PEEK)
02-27 09:52:34.076  1958  2031 D DisplayManagerService: Drop pending events for gone uid 10191
02-27 09:52:34.078  3278  3294 D ForegroundUtils: UID: 10191 deleted.
02-27 09:52:34.080   965   999 I netd    : tetherGetStats() -> {[]} <2.72ms>
02-27 09:52:34.082  2619  5682 E FrameEvents: addRelease: Did not find frame.
02-27 09:52:34.084  1958  2062 I libprocessgroup: Removed cgroup /sys/fs/cgroup/uid_10191/pid_1125
02-27 09:52:34.085   968   968 I Zygote  : Process 1125 exited due to signal 9 (Killed)
02-27 09:52:34.086  2619  2619 D StatsLog: LAUNCHER_ONRESUME
02-27 09:52:34.091  2351  6641 V WindowManagerShell: UNKNOWN MESSAGE (6541979577719206723) 8409545997539
02-27 09:52:34.091  2351  2391 V WindowManagerShell: UNKNOWN MESSAGE (1354476626241269833) 653 android.os.BinderProxy@bdf8a4b {id=653 t=CLOSE f=0x10 trk=0 r=[0@Point(0, 0)] c=[{WCT{android.window.IWindowContainerToken$Stub$Proxy@1c7d} m=TO_FRONT f=SHOW_WALLPAPER|MOVE_TO_TOP leash=Surface(name=Task=1)/@0x532ed41 sb=Rect(0, 0 - 1080, 2160) eb=Rect(0, 0 - 1080, 2160) epz=Point(1080, 2160) d=0 taskParent=-1},{WCT{android.window.IWindowContainerToken$Stub$Proxy@e686772} m=CLOSE f=NONE leash=Surface(name=Task=240)/@0xc3f02e6 sb=Rect(0, 0 - 1080, 2160) eb=Rect(0, 0 - 1080, 2160) epz=Point(1080, 2160) d=0 taskParent=-1},{null m=TO_FRONT f=IS_WALLPAPER leash=Surface(name=WallpaperWindowToken{2b97534 token=android.os.Binder@8cda007})/@0xd9a8027 sb=Rect(0, 0 - 1080, 2160) eb=Rect(0, 0 - 1080, 2160) epz=Point(1080, 2160) d=0}]}
02-27 09:52:34.092  2351  2391 V WindowManagerShell: UNKNOWN MESSAGE (7933815964243868580) (#653) android.os.BinderProxy@bdf8a4b@0
