02-27 09:52:34.092  2351  2391 V WindowManagerShell: UNKNOWN MESSAGE (2316055606185049262) com.android.wm.shell.transition.DefaultMixedHandler@a8b9d5a
02-27 09:52:34.092  2351  2391 V WindowManagerShell: UNKNOWN MESSAGE (2316055606185049262) com.android.wm.shell.keyguard.KeyguardTransitionHandler@4ff9b8b
02-27 09:52:34.092  2351  2391 V WindowManagerShell: UNKNOWN MESSAGE (2316055606185049262) com.android.wm.shell.pip.PipTransition@392bfbd
02-27 09:52:34.092  2351  2391 V WindowManagerShell: UNKNOWN MESSAGE (2316055606185049262) com.android.wm.shell.activityembedding.ActivityEmbeddingController@51569b2
02-27 09:52:34.092  2351  2391 V WindowManagerShell: UNKNOWN MESSAGE (2316055606185049262) com.android.wm.shell.recents.RecentsTransitionHandler@1fe6d03
02-27 09:52:34.092  2351  2391 V ShellRecents: UNKNOWN MESSAGE (9121280089055901232)
02-27 09:52:34.092  2351  2391 V WindowManagerShell: UNKNOWN MESSAGE (2316055606185049262) com.android.wm.shell.splitscreen.StageCoordinator@1dd8480
02-27 09:52:34.092  2351  2391 V WindowManagerShell: UNKNOWN MESSAGE (2316055606185049262) com.android.wm.shell.back.BackAnimationController$BackTransitionHandler@4b09ab9
02-27 09:52:34.092  2351  2391 V WindowManagerShell: UNKNOWN MESSAGE (2316055606185049262) com.android.wm.shell.transition.RemoteTransitionHandler@26c6efe
02-27 09:52:34.092  2351  2391 V WindowManagerShell: UNKNOWN MESSAGE (-9146248499991136778) {id=653 t=CLOSE f=0x10 trk=0 r=[0@Point(0, 0)] c=[{WCT{android.window.IWindowContainerToken$Stub$Proxy@1c7d} m=TO_FRONT f=SHOW_WALLPAPER|MOVE_TO_TOP leash=Surface(name=Task=1)/@0x532ed41 sb=Rect(0, 0 - 1080, 2160) eb=Rect(0, 0 - 1080, 2160) epz=Point(1080, 2160) d=0 taskParent=-1},{WCT{android.window.IWindowContainerToken$Stub$Proxy@e686772} m=CLOSE f=NONE leash=Surface(name=Task=240)/@0xc3f02e6 sb=Rect(0, 0 - 1080, 2160) eb=Rect(0, 0 - 1080, 2160) epz=Point(1080, 2160) d=0 taskParent=-1},{null m=TO_FRONT f=IS_WALLPAPER leash=Surface(name=WallpaperWindowToken{2b97534 token=android.os.Binder@8cda007})/@0xd9a8027 sb=Rect(0, 0 - 1080, 2160) eb=Rect(0, 0 - 1080, 2160) epz=Point(1080, 2160) d=0}]}
02-27 09:52:34.092  2351  2391 V WindowManagerShell: UNKNOWN MESSAGE (7551344402092077994) Pair{{types=[] flags=0x0] notFlags=0x100 checks=[{atype=home independent=true modes=[OPEN,TO_FRONT] flags=NONE mustBeTask=false order=TOP topActivity=ComponentInfo{com.android.launcher3/com.android.launcher3.uioverrides.QuickstepLauncher} launchCookie=null},{atype=standard independent=true modes=[CLOSE,TO_BACK] flags=NONE mustBeTask=false order=ANY topActivity=null launchCookie=null},{NOT atype=undefined independent=true modes=[] flags=NONE mustBeTask=true order=ANY topActivity=null launchCookie=null customAnim=true}]} RemoteTransition { remoteTransition = android.window.IRemoteTransition$Stub$Proxy@e0195ba, appThread = android.app.IApplicationThread$Stub$Proxy@a279c6b, debugName = QuickstepLaunchHome }}
02-27 09:52:34.093  2351  2391 D RemoteTransitionHandler: Found filterPair{{types=[] flags=0x0] notFlags=0x100 checks=[{atype=home independent=true modes=[OPEN,TO_FRONT] flags=NONE mustBeTask=false order=TOP topActivity=ComponentInfo{com.android.launcher3/com.android.launcher3.uioverrides.QuickstepLauncher} launchCookie=null},{atype=standard independent=true modes=[CLOSE,TO_BACK] flags=NONE mustBeTask=false order=ANY topActivity=null launchCookie=null},{NOT atype=undefined independent=true modes=[] flags=NONE mustBeTask=true order=ANY topActivity=null launchCookie=null customAnim=true}]} RemoteTransition { remoteTransition = android.window.IRemoteTransition$Stub$Proxy@e0195ba, appThread = android.app.IApplicationThread$Stub$Proxy@a279c6b, debugName = QuickstepLaunchHome }}
02-27 09:52:34.093  2351  2391 V WindowManagerShell: UNKNOWN MESSAGE (-957464960872531856) 653 RemoteTransition { remoteTransition = android.window.IRemoteTransition$Stub$Proxy@e0195ba, appThread = android.app.IApplicationThread$Stub$Proxy@a279c6b, debugName = QuickstepLaunchHome }
02-27 09:52:34.103  2619  2619 D b/311077782: LauncherAnimationRunner.setAnimation
02-27 09:52:34.105  1958  2030 V WindowManager: Sent Transition (#653) createdAt=02-27 09:52:34.020 via request=TransitionRequestInfo { type = CLOSE, triggerTask = null, pipTask = null, remoteTransition = null, displayChange = null, flags = 10, debugId = 653 }
02-27 09:52:34.105  1958  2030 V WindowManager:     startWCT=WindowContainerTransaction { changes = {} hops = [] errorCallbackToken=null taskFragmentOrganizer=null }
02-27 09:52:34.105  1958  2030 V WindowManager:     info={id=653 t=CLOSE f=0x10 trk=0 r=[0@Point(0, 0)] c=[
02-27 09:52:34.105  1958  2030 V WindowManager:         {WCT{RemoteToken{9af284a Task{38a73df #1 type=home isResizeable=true minWidth=-1 minHeight=-1}}} m=TO_FRONT f=SHOW_WALLPAPER|MOVE_TO_TOP leash=Surface(name=Task=1)/@0x9c4837e sb=Rect(0, 0 - 1080, 2160) eb=Rect(0, 0 - 1080, 2160) epz=Point(1080, 2160) d=0 taskParent=-1},
02-27 09:52:34.105  1958  2030 V WindowManager:         {WCT{RemoteToken{bde6175 Task{6a6b926 #240 type=standard A=10191:com.example.contactos isResizeable=true minWidth=-1 minHeight=-1}}} m=CLOSE f=NONE leash=Surface(name=Task=240)/@0x3c74e5f sb=Rect(0, 0 - 1080, 2160) eb=Rect(0, 0 - 1080, 2160) epz=Point(1080, 2160) d=0 taskParent=-1},
02-27 09:52:34.105  1958  2030 V WindowManager:         {null m=TO_FRONT f=IS_WALLPAPER leash=Surface(name=WallpaperWindowToken{2b97534 token=android.os.Binder@8cda007})/@0x5756500 sb=Rect(0, 0 - 1080, 2160) eb=Rect(0, 0 - 1080, 2160) epz=Point(1080, 2160) d=0}
02-27 09:52:34.105  1958  2030 V WindowManager:     ]}
02-27 09:52:34.111  1090  1090 I android.hardware.power-service-qti: Power setMode: 5 to: 0
02-27 09:52:34.114  2351  2391 V WindowManagerShell: UNKNOWN MESSAGE (5292399587644158186) com.android.wm.shell.transition.RemoteTransitionHandler@26c6efe
02-27 09:52:34.117  1958  2657 W UserManagerService: Requested status bar icon for non-badged user 0
02-27 09:52:34.122  1958  2237 I ImeTracker: com.android.launcher3:73da7e7: onRequestHide at ORIGIN_SERVER reason HIDE_SAME_WINDOW_FOCUSED_WITHOUT_EDITOR fromUser false
02-27 09:52:34.122  1958  2237 I ImeTracker: com.android.launcher3:73da7e7: onCancelled at PHASE_SERVER_SHOULD_HIDE
02-27 09:52:34.124  1958  2657 D ConnectivityService: requestNetwork for uid/pid:10147/2351 asUid: 10144 activeRequest: null callbackRequest: 1257 [NetworkRequest [ REQUEST id=1258, [ Capabilities: INTERNET&NOT_RESTRICTED&TRUSTED&NOT_VCN_MANAGED&NOT_BANDWIDTH_CONSTRAINED Uid: 10144 RequestorUid: 10147 RequestorPkg: com.android.systemui UnderlyingNetworks: Null] ]] callback flags: 0 order: 2147483647 isUidTracked: false declaredMethods: ALL
02-27 09:52:34.130  1958  2262 D ConnectivityService: NetReassign [1258 : null  116] [c 0] [a 2] [i 2]
02-27 09:52:34.131  1958  2253 D WifiNetworkFactory: got request NetworkRequest [ REQUEST id=1258, [ Capabilities: INTERNET&NOT_RESTRICTED&TRUSTED&NOT_VCN_MANAGED&NOT_BANDWIDTH_CONSTRAINED Uid: 10144 RequestorUid: 10147 RequestorPkg: com.android.systemui UnderlyingNetworks: Null] ]
02-27 09:52:34.131  1958  2253 D UntrustedWifiNetworkFactory: got request NetworkRequest [ REQUEST id=1258, [ Capabilities: INTERNET&NOT_RESTRICTED&TRUSTED&NOT_VCN_MANAGED&NOT_BANDWIDTH_CONSTRAINED Uid: 10144 RequestorUid: 10147 RequestorPkg: com.android.systemui UnderlyingNetworks: Null] ]
02-27 09:52:34.131  1958  2253 D OemPaidWifiNetworkFactory: got request NetworkRequest [ REQUEST id=1258, [ Capabilities: INTERNET&NOT_RESTRICTED&TRUSTED&NOT_VCN_MANAGED&NOT_BANDWIDTH_CONSTRAINED Uid: 10144 RequestorUid: 10147 RequestorPkg: com.android.systemui UnderlyingNetworks: Null] ]
02-27 09:52:34.132  1958  2253 D MultiInternetWifiNetworkFactory: got request NetworkRequest [ REQUEST id=1258, [ Capabilities: INTERNET&NOT_RESTRICTED&TRUSTED&NOT_VCN_MANAGED&NOT_BANDWIDTH_CONSTRAINED Uid: 10144 RequestorUid: 10147 RequestorPkg: com.android.systemui UnderlyingNetworks: Null] ]
02-27 09:52:34.132  2351  2407 W WindowOnBackDispatcher: sendCancelIfRunning: isInProgress=false callback=android.view.ViewRootImpl$$ExternalSyntheticLambda11@1c69155
02-27 09:52:34.138  1958  2007 W WindowManager: Failed looking up window session=Session{c77de26 2351:u0a10147} callers=com.android.server.wm.WindowManagerService.windowForClientLocked:6237 com.android.server.wm.Session.setOnBackInvokedCallbackInfo:979 android.view.IWindowSession$Stub.onTransact:1125 
02-27 09:52:34.138  1958  2007 I WindowManager: setOnBackInvokedCallback(): No window state for package:com.android.systemui
02-27 09:52:34.159  1136  1136 E SurfaceFlinger: Out of order buffers detected for RequestedLayerState{com.android.launcher3/com.android.launcher3.uioverrides.QuickstepLauncher#7191 parentId=5853} producedId=153 frameNumber=107 -> producedId=153 frameNumber=2
02-27 09:52:34.176  1136  1136 E SurfaceFlinger: Out of order buffers detected for RequestedLayerState{com.android.launcher3/com.android.launcher3.uioverrides.QuickstepLauncher#7191 parentId=5853} producedId=153 frameNumber=107 -> producedId=153 frameNumber=3
02-27 09:52:34.192  1136  1136 E SurfaceFlinger: Out of order buffers detected for RequestedLayerState{com.android.launcher3/com.android.launcher3.uioverrides.QuickstepLauncher#7191 parentId=5853} producedId=153 frameNumber=107 -> producedId=153 frameNumber=4
02-27 09:52:34.209  1136  1136 E SurfaceFlinger: Out of order buffers detected for RequestedLayerState{com.android.launcher3/com.android.launcher3.uioverrides.QuickstepLauncher#7191 parentId=5853} producedId=153 frameNumber=107 -> producedId=153 frameNumber=5
02-27 09:52:34.226  1136  1136 E SurfaceFlinger: Out of order buffers detected for RequestedLayerState{com.android.launcher3/com.android.launcher3.uioverrides.QuickstepLauncher#7191 parentId=5853} producedId=153 frameNumber=107 -> producedId=153 frameNumber=6
02-27 09:52:34.243  1136  1136 E SurfaceFlinger: Out of order buffers detected for RequestedLayerState{com.android.launcher3/com.android.launcher3.uioverrides.QuickstepLauncher#7191 parentId=5853} producedId=153 frameNumber=107 -> producedId=153 frameNumber=7
02-27 09:52:34.259  1136  1136 E SurfaceFlinger: Out of order buffers detected for RequestedLayerState{com.android.launcher3/com.android.launcher3.uioverrides.QuickstepLauncher#7191 parentId=5853} producedId=153 frameNumber=107 -> producedId=153 frameNumber=8
02-27 09:52:34.276  1136  1136 E SurfaceFlinger: Out of order buffers detected for RequestedLayerState{com.android.launcher3/com.android.launcher3.uioverrides.QuickstepLauncher#7191 parentId=5853} producedId=153 frameNumber=107 -> producedId=153 frameNumber=9
02-27 09:52:34.293  1136  1136 E SurfaceFlinger: Out of order buffers detected for RequestedLayerState{com.android.launcher3/com.android.launcher3.uioverrides.QuickstepLauncher#7191 parentId=5853} producedId=153 frameNumber=107 -> producedId=153 frameNumber=10
02-27 09:52:34.309  1136  1136 E SurfaceFlinger: Out of order buffers detected for RequestedLayerState{com.android.launcher3/com.android.launcher3.uioverrides.QuickstepLauncher#7191 parentId=5853} producedId=153 frameNumber=107 -> producedId=153 frameNumber=11
02-27 09:52:34.326  1136  1136 E SurfaceFlinger: Out of order buffers detected for RequestedLayerState{com.android.launcher3/com.android.launcher3.uioverrides.QuickstepLauncher#7191 parentId=5853} producedId=153 frameNumber=107 -> producedId=153 frameNumber=12
02-27 09:52:34.343  1136  1136 E SurfaceFlinger: Out of order buffers detected for RequestedLayerState{com.android.launcher3/com.android.launcher3.uioverrides.QuickstepLauncher#7191 parentId=5853} producedId=153 frameNumber=107 -> producedId=153 frameNumber=13
02-27 09:52:34.360  1136  1136 E SurfaceFlinger: Out of order buffers detected for RequestedLayerState{com.android.launcher3/com.android.launcher3.uioverrides.QuickstepLauncher#7191 parentId=5853} producedId=153 frameNumber=107 -> producedId=153 frameNumber=14
02-27 09:52:34.376  1136  1136 E SurfaceFlinger: Out of order buffers detected for RequestedLayerState{com.android.launcher3/com.android.launcher3.uioverrides.QuickstepLauncher#7191 parentId=5853} producedId=153 frameNumber=107 -> producedId=153 frameNumber=15
02-27 09:52:34.393  1136  1136 E SurfaceFlinger: Out of order buffers detected for RequestedLayerState{com.android.launcher3/com.android.launcher3.uioverrides.QuickstepLauncher#7191 parentId=5853} producedId=153 frameNumber=107 -> producedId=153 frameNumber=16
02-27 09:52:34.410  1136  1136 E SurfaceFlinger: Out of order buffers detected for RequestedLayerState{com.android.launcher3/com.android.launcher3.uioverrides.QuickstepLauncher#7191 parentId=5853} producedId=153 frameNumber=107 -> producedId=153 frameNumber=17
02-27 09:52:34.413  2351  2391 V WindowManagerShell: UNKNOWN MESSAGE (5216177164274512366) false (#653) android.os.BinderProxy@bdf8a4b@0
02-27 09:52:34.416  1958  2030 V WindowManager: Finish Transition (#653): created at 02-27 09:52:34.020 collect-started=0.094ms request-sent=0.132ms started=9.2ms ready=63.372ms sent=68.521ms finished=394.969ms
02-27 09:52:34.421  1958  2657 W UserManagerService: Requested status bar icon for non-badged user 0
02-27 09:52:34.423  2351  2391 V WindowManagerShell: UNKNOWN MESSAGE (-1071245984949193362) 0
02-27 09:52:34.423  2351  2391 V WindowManagerShell: UNKNOWN MESSAGE (5665710760068723116)
02-27 09:52:34.423  2619  2619 D RecentsView: onTaskRemoved: 240, not handling task stack changes
02-27 09:52:34.423  2619  2619 D RecentsView: onTaskRemoved: 240, not handling task stack changes
02-27 09:52:34.427  1136  1136 E SurfaceFlinger: Out of order buffers detected for RequestedLayerState{com.android.launcher3/com.android.launcher3.uioverrides.QuickstepLauncher#7191 parentId=5853} producedId=153 frameNumber=107 -> producedId=153 frameNumber=18
02-27 09:52:34.432  1958  2007 W UserManagerService: Requested status bar icon for non-badged user 0
02-27 09:52:34.443  1136  1136 E SurfaceFlinger: Out of order buffers detected for RequestedLayerState{com.android.launcher3/com.android.launcher3.uioverrides.QuickstepLauncher#7191 parentId=5853} producedId=153 frameNumber=107 -> producedId=153 frameNumber=19
02-27 09:52:34.460  1136  1136 E SurfaceFlinger: Out of order buffers detected for RequestedLayerState{com.android.launcher3/com.android.launcher3.uioverrides.QuickstepLauncher#7191 parentId=5853} producedId=153 frameNumber=107 -> producedId=153 frameNumber=20
02-27 09:52:34.477  1136  1136 E SurfaceFlinger: Out of order buffers detected for RequestedLayerState{com.android.launcher3/com.android.launcher3.uioverrides.QuickstepLauncher#7191 parentId=5853} producedId=153 frameNumber=107 -> producedId=153 frameNumber=21
02-27 09:52:34.493  1136  1136 E SurfaceFlinger: Out of order buffers detected for RequestedLayerState{com.android.launcher3/com.android.launcher3.uioverrides.QuickstepLauncher#7191 parentId=5853} producedId=153 frameNumber=107 -> producedId=153 frameNumber=22
02-27 09:52:34.510  1136  1136 E SurfaceFlinger: Out of order buffers detected for RequestedLayerState{com.android.launcher3/com.android.launcher3.uioverrides.QuickstepLauncher#7191 parentId=5853} producedId=153 frameNumber=107 -> producedId=153 frameNumber=23
02-27 09:52:34.522  1958  2033 W ActivityTaskManager: Activity top resumed state loss timeout for ActivityRecord{8aa9481 u0 com.example.contactos/.MainActivity t-1 f}}
02-27 09:52:34.527  1136  1136 E SurfaceFlinger: Out of order buffers detected for RequestedLayerState{com.android.launcher3/com.android.launcher3.uioverrides.QuickstepLauncher#7191 parentId=5853} producedId=153 frameNumber=107 -> producedId=153 frameNumber=24
02-27 09:52:34.544  1136  1136 E SurfaceFlinger: Out of order buffers detected for RequestedLayerState{com.android.launcher3/com.android.launcher3.uioverrides.QuickstepLauncher#7191 parentId=5853} producedId=153 frameNumber=107 -> producedId=153 frameNumber=25
02-27 09:52:34.560  1136  1136 E SurfaceFlinger: Out of order buffers detected for RequestedLayerState{com.android.launcher3/com.android.launcher3.uioverrides.QuickstepLauncher#7191 parentId=5853} producedId=153 frameNumber=107 -> producedId=153 frameNumber=26
02-27 09:52:34.577  1136  1136 E SurfaceFlinger: Out of order buffers detected for RequestedLayerState{com.android.launcher3/com.android.launcher3.uioverrides.QuickstepLauncher#7191 parentId=5853} producedId=153 frameNumber=107 -> producedId=153 frameNumber=27
02-27 09:52:34.586  2351  2365 I ndroid.systemui: NativeAlloc concurrent copying GC freed 35MB AllocSpace bytes, 138(4776KB) LOS objects, 65% free, 25MB/73MB, paused 164us,123us total 476.095ms
02-27 09:52:34.594  1136  1136 E SurfaceFlinger: Out of order buffers detected for RequestedLayerState{com.android.launcher3/com.android.launcher3.uioverrides.QuickstepLauncher#7191 parentId=5853} producedId=153 frameNumber=107 -> producedId=153 frameNumber=28
02-27 09:52:34.610  2351  2367 W System  : A resource failed to call release. 
02-27 09:52:34.610  2351  2367 W System  : A resource failed to call release. 
02-27 09:52:34.610  1136  1136 E SurfaceFlinger: Out of order buffers detected for RequestedLayerState{com.android.launcher3/com.android.launcher3.uioverrides.QuickstepLauncher#7191 parentId=5853} producedId=153 frameNumber=107 -> producedId=153 frameNumber=29
02-27 09:52:34.612  2351  2367 W System  : A resource failed to call release. 
02-27 09:52:34.612  2351  2367 W System  : A resource failed to call release. 
02-27 09:52:34.612  2351  2367 W System  : A resource failed to call release. 
02-27 09:52:34.612  2351  2367 W System  : A resource failed to call release. 
02-27 09:52:34.612  2351  2367 W System  : A resource failed to call release. 
02-27 09:52:34.613  2351  2367 W System  : A resource failed to call release. 
02-27 09:52:34.613  2351  2367 W System  : A resource failed to call release. 
02-27 09:52:34.613  2351  2367 W System  : A resource failed to call release. 
02-27 09:52:34.613  2351  2367 W System  : A resource failed to call release. 
02-27 09:52:34.613  2351  2367 W System  : A resource failed to call release. 
02-27 09:52:34.613  2351  2367 W System  : A resource failed to call release. 
02-27 09:52:34.613  2351  2367 W System  : A resource failed to call release. 
02-27 09:52:34.614  2351  2367 W System  : A resource failed to call release. 
02-27 09:52:34.614  2351  2367 W System  : A resource failed to call release. 
02-27 09:52:34.614  2351  2367 W System  : A resource failed to call release. 
02-27 09:52:34.614  2351  2367 W System  : A resource failed to call release. 
02-27 09:52:34.615  2351  2367 W System  : A resource failed to call release. 
02-27 09:52:34.615  2351  2367 W System  : A resource failed to call release. 
02-27 09:52:34.615  2351  2367 W System  : A resource failed to call release. 
02-27 09:52:34.615  2351  2367 W System  : A resource failed to call release. 
02-27 09:52:34.615  2351  2367 W System  : A resource failed to call release. 
02-27 09:52:34.615  2351  2367 W System  : A resource failed to call release. 
02-27 09:52:34.615  2351  2367 W System  : A resource failed to call release. 
02-27 09:52:34.616  2351  2367 W System  : A resource failed to call release. 
02-27 09:52:34.618  2351  2367 W System  : A resource failed to call release. 
02-27 09:52:34.619  2351  2367 W System  : A resource failed to call release. 
02-27 09:52:34.619  2351  2367 W System  : A resource failed to call release. 
02-27 09:52:34.623  2351  2367 W System  : A resource failed to call release. 
02-27 09:52:34.623  2351  2367 W System  : A resource failed to call release. 
02-27 09:52:34.623  2351  2367 W System  : A resource failed to call release. 
02-27 09:52:34.624  2351  2367 W System  : A resource failed to call release. 
02-27 09:52:34.624  2351  2367 W System  : A resource failed to call release. 
02-27 09:52:34.624  2351  2367 W System  : A resource failed to call release. 
02-27 09:52:34.624  2351  2367 W System  : A resource failed to call release. 
02-27 09:52:34.804  2996  3036 I QcrilOemhookMsgTunnel: [0]processOemHookIndication length=22
02-27 09:52:34.820  2996  3036 I QcrilOemhookMsgTunnel: [0]processOemHookIndication length=12
02-27 09:52:34.820  2996  2996 D QcrilMsgTunnelIfaceManager: handleMessage what = 5
02-27 09:52:34.820  2996  3036 I QcrilOemhookMsgTunnel: [0]processOemHookIndication length=28
02-27 09:52:34.820  2996  2996 D QcrilMsgTunnelIfaceManager: handleMessage what = 5
02-27 09:52:34.872  2558  2997 D QCNEJ/WwanInfoRelay: onServiceStateChanged: dataState: 2 DDS:1 Notify service state update
02-27 09:52:34.874  1958  2007 W ContextImpl: Calling a method in the system process without a qualified user: android.app.ContextImpl.sendBroadcastMultiplePermissions:1319 android.content.Context.sendBroadcastMultiplePermissions:2537 com.android.server.TelephonyRegistry.broadcastServiceStateChanged:3774 com.android.server.TelephonyRegistry.notifyServiceStateForPhoneId:1779 com.android.internal.telephony.ITelephonyRegistry$Stub.onTransact:553 
02-27 09:52:34.879  1958  2007 W ContextImpl: Calling a method in the system process without a qualified user: android.app.ContextImpl.sendBroadcastMultiplePermissions:1352 com.android.server.TelephonyRegistry.broadcastServiceStateChanged:3779 com.android.server.TelephonyRegistry.notifyServiceStateForPhoneId:1779 com.android.internal.telephony.ITelephonyRegistry$Stub.onTransact:553 android.os.Binder.execTransactInternal:1396 
02-27 09:52:34.883  1958  2007 W ContextImpl: Calling a method in the system process without a qualified user: android.app.ContextImpl.sendBroadcastMultiplePermissions:1352 com.android.server.TelephonyRegistry.broadcastServiceStateChanged:3788 com.android.server.TelephonyRegistry.notifyServiceStateForPhoneId:1779 com.android.internal.telephony.ITelephonyRegistry$Stub.onTransact:553 android.os.Binder.execTransactInternal:1396 
02-27 09:52:34.887  1958  2007 W ContextImpl: Calling a method in the system process without a qualified user: android.app.ContextImpl.sendBroadcastMultiplePermissions:1352 com.android.server.TelephonyRegistry.broadcastServiceStateChanged:3794 com.android.server.TelephonyRegistry.notifyServiceStateForPhoneId:1779 com.android.internal.telephony.ITelephonyRegistry$Stub.onTransact:553 android.os.Binder.execTransactInternal:1396 
02-27 09:52:34.894  2567  2567 D ServiceStateProvider: subId=1
02-27 09:52:34.895  2758  2758 D CellBroadcastReceiver: onReceive Intent { act=android.intent.action.SERVICE_STATE flg=0x1000010 cmp=com.android.cellbroadcastreceiver.module/com.android.cellbroadcastreceiver.CellBroadcastReceiver (has extras) }
02-27 09:52:34.897  2758  2758 D CellBroadcastReceiver: onServiceStateChanged, ss: 0
02-27 09:52:34.897  2758  2758 D CellBroadcastReceiver: networkOperator: 334020
02-27 09:52:34.898  2758  2758 D CellBroadcastReceiver: update supported roaming operator as 
02-27 09:52:34.898 18312 18312 D CellBroadcastReceiver: onReceive Intent { act=android.intent.action.SERVICE_STATE flg=0x1000010 cmp=com.android.cellbroadcastreceiver.module/com.android.cellbroadcastreceiver.CellBroadcastReceiver (has extras) }
02-27 09:52:34.900 18312 18312 D CellBroadcastReceiver: onServiceStateChanged, ss: 0
02-27 09:52:34.900 18312 18312 D CellBroadcastReceiver: networkOperator: 334020
02-27 09:52:34.900 18312 18312 D CellBroadcastReceiver: update supported roaming operator as 
02-27 09:52:34.914  2567  2567 I Telephony: TelecomAccountRegistry$TelecomAccountTelephonyCallback: TelecomAccountRegistry: onServiceStateChanged: newState=0, mServiceState=0
02-27 09:52:34.915  2567  2567 I Telephony: isRttCurrentlySupported -- regular acct, hasVoiceAvailability: false
02-27 09:52:34.915  2567  2567 I Telephony:  isRttSupported: false
02-27 09:52:34.915  2567  2567 I Telephony:  alwaysAllowWhileRoaming: false
02-27 09:52:34.915  2567  2567 I Telephony:  isRoaming: false
02-27 09:52:34.915  2567  2567 I Telephony:  isOnWfc: false
02-27 09:52:35.078  1136  1136 E SurfaceFlinger: Out of order buffers detected for RequestedLayerState{com.android.launcher3/com.android.launcher3.uioverrides.QuickstepLauncher#7191 parentId=5853} producedId=153 frameNumber=107 -> producedId=153 frameNumber=30
02-27 09:52:35.820     0     0 E [17730.998799,2] msm_dwc3_perf_vote_work: in_perf_mode:1, interrupts in last sample:468
02-27 09:52:35.820     0     0 E [17731.000289,2] msm_dwc3_perf_vote_update: latency updated to: 41
02-27 09:52:35.947     0     0 W [17731.127090,1] healthd: battery l=66 v=4075 t=24.0 h=2 st=2 c=-342773 chg=u
02-27 09:52:35.958  2351  4408 D PowerUI : can't show warning due to - plugged: true status unknown: false
02-27 09:52:35.973  1072  1072 D audio_hw_primary: out_standby: enter: stream (0xee7c21a0) usecase(1: low-latency-playback)
02-27 09:52:35.996     0     0 E [17731.177979,0] q6asm_callback: payload size of 8 is less than expected.
02-27 09:52:36.036  1072  1072 D audio_hw_primary: disable_audio_route: reset and update mixer path: low-latency-playback
02-27 09:52:36.038  1072  1072 D msm8974_platform: platform_split_snd_device: snd_device(2) num devices(0) new_snd_devices(0)
02-27 09:52:36.038  1072  1072 I msm8974_platform: platform_get_custom_mtmx_params: no matching param with id 0 ip_ch 2 op_ch 2 uc_id 1 snd_dev 2
02-27 09:52:36.038  1072  1072 D hardware_info: hw_info_append_hw_type : device_name = speaker
02-27 09:52:36.038  1072  1072 D audio_hw_primary: disable_snd_device: snd_device(2: speaker)
02-27 09:52:36.038  1072  1072 D msm8974_platform: platform_split_snd_device: snd_device(2) num devices(0) new_snd_devices(0)
02-27 09:52:36.049  1072  1072 D audio_hw_primary: out_standby: exit
02-27 09:52:36.081  1136  1136 E SurfaceFlinger: Out of order buffers detected for RequestedLayerState{com.android.launcher3/com.android.launcher3.uioverrides.QuickstepLauncher#7191 parentId=5853} producedId=153 frameNumber=107 -> producedId=153 frameNumber=31
02-27 09:52:36.083  2558  2997 D QCNEJ/WlanStaInfoRelay: Received action: android.net.wifi.RSSI_CHANGED
02-27 09:52:36.083  2558  2997 I QCNEJ/NativeHalConnector: -> SND notifyWlanStaStatusChanged([WlanStaInfo]: wifiSwitchState = 1 rssi = -55 ssid = INFINITUM54EC bssid = f4:2d:06:9b:20:40 dnsInfo = fe80::1%wlan0;192.168.1.254;0.0.0.0;0.0.0.0; freqBand = _5GHz countryCode = mx[RatInfo]: networkType = 1 subType = 101 networkState = CONNECTED netHdl = 501621903373 ipAddrV4 = 192.168.1.83 ipAddrV6 = 2806:102e:11:d62f:3cb1:67dc:3fe1:3f9a ifNameV4 = wlan0 ifNameV6 = wlan0 slotIdx = 0 isAndroidValidated = true) timeStamp = 2025-02-27 09:52:36.083
02-27 09:52:36.087   965   999 I netd    : networkAddUidRangesParcel(NativeUidRangeConfig{netId: 116, uidRanges: [UidRangeParcel{start: 0, stop: 2147483647}], subPriority: 998}) <2.13ms>
02-27 09:52:36.088   965   999 I netd    : networkRemoveUidRangesParcel(NativeUidRangeConfig{netId: 116, uidRanges: [UidRangeParcel{start: 0, stop: 2147483647}], subPriority: 998}) <0.88ms>
02-27 09:52:37.083  1136  1136 E SurfaceFlinger: Out of order buffers detected for RequestedLayerState{com.android.launcher3/com.android.launcher3.uioverrides.QuickstepLauncher#7191 parentId=5853} producedId=153 frameNumber=107 -> producedId=153 frameNumber=32
02-27 09:52:37.350   737  1040 I keystore2: system/security/keystore2/watchdog/src/lib.rs:356 - Watchdog thread idle -> terminating. Have a great day.
02-27 09:52:37.365  2996  3036 I QcrilOemhookMsgTunnel: [0]processOemHookIndication length=22
02-27 09:52:37.380  2996  3036 I QcrilOemhookMsgTunnel: [0]processOemHookIndication length=12
02-27 09:52:37.381  2996  3036 I QcrilOemhookMsgTunnel: [0]processOemHookIndication length=28
02-27 09:52:37.381  2996  2996 D QcrilMsgTunnelIfaceManager: handleMessage what = 5
02-27 09:52:37.381  2996  2996 D QcrilMsgTunnelIfaceManager: handleMessage what = 5
02-27 09:52:37.444  2558  2997 D QCNEJ/WwanInfoRelay: onServiceStateChanged: dataState: 2 DDS:1 Notify service state update
02-27 09:52:37.445  1958  2007 W ContextImpl: Calling a method in the system process without a qualified user: android.app.ContextImpl.sendBroadcastMultiplePermissions:1319 android.content.Context.sendBroadcastMultiplePermissions:2537 com.android.server.TelephonyRegistry.broadcastServiceStateChanged:3774 com.android.server.TelephonyRegistry.notifyServiceStateForPhoneId:1779 com.android.internal.telephony.ITelephonyRegistry$Stub.onTransact:553 
02-27 09:52:37.448  1958  2007 W ContextImpl: Calling a method in the system process without a qualified user: android.app.ContextImpl.sendBroadcastMultiplePermissions:1352 com.android.server.TelephonyRegistry.broadcastServiceStateChanged:3779 com.android.server.TelephonyRegistry.notifyServiceStateForPhoneId:1779 com.android.internal.telephony.ITelephonyRegistry$Stub.onTransact:553 android.os.Binder.execTransactInternal:1396 
02-27 09:52:37.452  1958  2007 W ContextImpl: Calling a method in the system process without a qualified user: android.app.ContextImpl.sendBroadcastMultiplePermissions:1352 com.android.server.TelephonyRegistry.broadcastServiceStateChanged:3788 com.android.server.TelephonyRegistry.notifyServiceStateForPhoneId:1779 com.android.internal.telephony.ITelephonyRegistry$Stub.onTransact:553 android.os.Binder.execTransactInternal:1396 
02-27 09:52:37.455  1958  2007 W ContextImpl: Calling a method in the system process without a qualified user: android.app.ContextImpl.sendBroadcastMultiplePermissions:1352 com.android.server.TelephonyRegistry.broadcastServiceStateChanged:3794 com.android.server.TelephonyRegistry.notifyServiceStateForPhoneId:1779 com.android.internal.telephony.ITelephonyRegistry$Stub.onTransact:553 android.os.Binder.execTransactInternal:1396 
02-27 09:52:37.460  2567  2567 D ServiceStateProvider: subId=1
02-27 09:52:37.461  2758  2758 D CellBroadcastReceiver: onReceive Intent { act=android.intent.action.SERVICE_STATE flg=0x1000010 cmp=com.android.cellbroadcastreceiver.module/com.android.cellbroadcastreceiver.CellBroadcastReceiver (has extras) }
02-27 09:52:37.462 18312 18312 D CellBroadcastReceiver: onReceive Intent { act=android.intent.action.SERVICE_STATE flg=0x1000010 cmp=com.android.cellbroadcastreceiver.module/com.android.cellbroadcastreceiver.CellBroadcastReceiver (has extras) }
02-27 09:52:37.462  2758  2758 D CellBroadcastReceiver: onServiceStateChanged, ss: 0
02-27 09:52:37.463  2758  2758 D CellBroadcastReceiver: networkOperator: 334020
02-27 09:52:37.463  2758  2758 D CellBroadcastReceiver: update supported roaming operator as 
02-27 09:52:37.463 18312 18312 D CellBroadcastReceiver: onServiceStateChanged, ss: 0
02-27 09:52:37.463 18312 18312 D CellBroadcastReceiver: networkOperator: 334020
02-27 09:52:37.463 18312 18312 D CellBroadcastReceiver: update supported roaming operator as 
02-27 09:52:37.468   965   999 I netd    : tetherGetStats() -> {[]} <3.03ms>
02-27 09:52:37.474  2567  2567 I Telephony: TelecomAccountRegistry$TelecomAccountTelephonyCallback: TelecomAccountRegistry: onServiceStateChanged: newState=0, mServiceState=0
02-27 09:52:37.475  2567  2567 I Telephony: isRttCurrentlySupported -- regular acct, hasVoiceAvailability: false
02-27 09:52:37.475  2567  2567 I Telephony:  isRttSupported: false
02-27 09:52:37.475  2567  2567 I Telephony:  alwaysAllowWhileRoaming: false
02-27 09:52:37.475  2567  2567 I Telephony:  isRoaming: false
02-27 09:52:37.475  2567  2567 I Telephony:  isOnWfc: false
02-27 09:52:37.827     0     0 E [17733.005475,2] msm_dwc3_perf_vote_work: in_perf_mode:0, interrupts in last sample:174
02-27 09:52:37.827     0     0 E [17733.005831,2] msm_dwc3_perf_vote_update: latency updated to: -1
02-27 09:52:38.086  1136  1136 E SurfaceFlinger: Out of order buffers detected for RequestedLayerState{com.android.launcher3/com.android.launcher3.uioverrides.QuickstepLauncher#7191 parentId=5853} producedId=153 frameNumber=107 -> producedId=153 frameNumber=33
02-27 09:52:39.089  1136  1136 E SurfaceFlinger: Out of order buffers detected for RequestedLayerState{com.android.launcher3/com.android.launcher3.uioverrides.QuickstepLauncher#7191 parentId=5853} producedId=153 frameNumber=107 -> producedId=153 frameNumber=34
02-27 09:52:39.104  2558  2997 D QCNEJ/WlanStaInfoRelay: Received action: android.net.wifi.RSSI_CHANGED
02-27 09:52:39.105  2558  2997 I QCNEJ/NativeHalConnector: -> SND notifyWlanStaStatusChanged([WlanStaInfo]: wifiSwitchState = 1 rssi = -56 ssid = INFINITUM54EC bssid = f4:2d:06:9b:20:40 dnsInfo = fe80::1%wlan0;192.168.1.254;0.0.0.0;0.0.0.0; freqBand = _5GHz countryCode = mx[RatInfo]: networkType = 1 subType = 101 networkState = CONNECTED netHdl = 501621903373 ipAddrV4 = 192.168.1.83 ipAddrV6 = 2806:102e:11:d62f:3cb1:67dc:3fe1:3f9a ifNameV4 = wlan0 ifNameV6 = wlan0 slotIdx = 0 isAndroidValidated = true) timeStamp = 2025-02-27 09:52:39.105
02-27 09:52:39.109   965   999 I netd    : networkAddUidRangesParcel(NativeUidRangeConfig{netId: 116, uidRanges: [UidRangeParcel{start: 0, stop: 2147483647}], subPriority: 998}) <1.80ms>
02-27 09:52:39.111   965   999 I netd    : networkRemoveUidRangesParcel(NativeUidRangeConfig{netId: 116, uidRanges: [UidRangeParcel{start: 0, stop: 2147483647}], subPriority: 998}) <0.85ms>
02-27 09:52:39.834     0     0 E [17735.012367,2] msm_dwc3_perf_vote_work: in_perf_mode:0, interrupts in last sample:43
02-27 09:52:40.091  1136  1136 E SurfaceFlinger: Out of order buffers detected for RequestedLayerState{com.android.launcher3/com.android.launcher3.uioverrides.QuickstepLauncher#7191 parentId=5853} producedId=153 frameNumber=107 -> producedId=153 frameNumber=35
02-27 09:52:40.204     0     0 W [17735.384623,1] healthd: battery l=66 v=4079 t=24.0 h=2 st=2 c=-348632 chg=u
02-27 09:52:40.211  2351  4414 D PowerUI : can't show warning due to - plugged: true status unknown: false
02-27 09:52:41.078  1136  1136 E SurfaceFlinger: Out of order buffers detected for RequestedLayerState{com.android.launcher3/com.android.launcher3.uioverrides.QuickstepLauncher#7191 parentId=5853} producedId=153 frameNumber=107 -> producedId=153 frameNumber=36
02-27 09:52:41.184  2996  3036 I QcrilOemhookMsgTunnel: [0]processOemHookIndication length=22
02-27 09:52:41.203  2996  3036 I QcrilOemhookMsgTunnel: [0]processOemHookIndication length=12
02-27 09:52:41.203  2996  2996 D QcrilMsgTunnelIfaceManager: handleMessage what = 5
02-27 09:52:41.204  2996  3036 I QcrilOemhookMsgTunnel: [0]processOemHookIndication length=28
02-27 09:52:41.204  2996  2996 D QcrilMsgTunnelIfaceManager: handleMessage what = 5
02-27 09:52:41.284  2558  2997 D QCNEJ/WwanInfoRelay: onServiceStateChanged: dataState: 2 DDS:1 Notify service state update
02-27 09:52:41.285  1958  2657 W ContextImpl: Calling a method in the system process without a qualified user: android.app.ContextImpl.sendBroadcastMultiplePermissions:1319 android.content.Context.sendBroadcastMultiplePermissions:2537 com.android.server.TelephonyRegistry.broadcastServiceStateChanged:3774 com.android.server.TelephonyRegistry.notifyServiceStateForPhoneId:1779 com.android.internal.telephony.ITelephonyRegistry$Stub.onTransact:553 
02-27 09:52:41.293  1958  2657 W ContextImpl: Calling a method in the system process without a qualified user: android.app.ContextImpl.sendBroadcastMultiplePermissions:1352 com.android.server.TelephonyRegistry.broadcastServiceStateChanged:3779 com.android.server.TelephonyRegistry.notifyServiceStateForPhoneId:1779 com.android.internal.telephony.ITelephonyRegistry$Stub.onTransact:553 android.os.Binder.execTransactInternal:1396 
02-27 09:52:41.299  1958  2657 W ContextImpl: Calling a method in the system process without a qualified user: android.app.ContextImpl.sendBroadcastMultiplePermissions:1352 com.android.server.TelephonyRegistry.broadcastServiceStateChanged:3788 com.android.server.TelephonyRegistry.notifyServiceStateForPhoneId:1779 com.android.internal.telephony.ITelephonyRegistry$Stub.onTransact:553 android.os.Binder.execTransactInternal:1396 
02-27 09:52:41.305  1958  2657 W ContextImpl: Calling a method in the system process without a qualified user: android.app.ContextImpl.sendBroadcastMultiplePermissions:1352 com.android.server.TelephonyRegistry.broadcastServiceStateChanged:3794 com.android.server.TelephonyRegistry.notifyServiceStateForPhoneId:1779 com.android.internal.telephony.ITelephonyRegistry$Stub.onTransact:553 android.os.Binder.execTransactInternal:1396 
02-27 09:52:41.310  2567  2567 D ServiceStateProvider: subId=1
02-27 09:52:41.311  2758  2758 D CellBroadcastReceiver: onReceive Intent { act=android.intent.action.SERVICE_STATE flg=0x1000010 cmp=com.android.cellbroadcastreceiver.module/com.android.cellbroadcastreceiver.CellBroadcastReceiver (has extras) }
02-27 09:52:41.312 18312 18312 D CellBroadcastReceiver: onReceive Intent { act=android.intent.action.SERVICE_STATE flg=0x1000010 cmp=com.android.cellbroadcastreceiver.module/com.android.cellbroadcastreceiver.CellBroadcastReceiver (has extras) }
02-27 09:52:41.312  2758  2758 D CellBroadcastReceiver: onServiceStateChanged, ss: 0
02-27 09:52:41.312  2758  2758 D CellBroadcastReceiver: networkOperator: 334020
02-27 09:52:41.312  2758  2758 D CellBroadcastReceiver: update supported roaming operator as 
02-27 09:52:41.313 18312 18312 D CellBroadcastReceiver: onServiceStateChanged, ss: 0
02-27 09:52:41.313 18312 18312 D CellBroadcastReceiver: networkOperator: 334020
02-27 09:52:41.314 18312 18312 D CellBroadcastReceiver: update supported roaming operator as 
02-27 09:52:41.320   965   999 I netd    : tetherGetStats() -> {[]} <2.56ms>
02-27 09:52:41.332  2567  2567 I Telephony: TelecomAccountRegistry$TelecomAccountTelephonyCallback: TelecomAccountRegistry: onServiceStateChanged: newState=0, mServiceState=0
02-27 09:52:41.333  2567  2567 I Telephony: isRttCurrentlySupported -- regular acct, hasVoiceAvailability: false
02-27 09:52:41.333  2567  2567 I Telephony:  isRttSupported: false
02-27 09:52:41.333  2567  2567 I Telephony:  alwaysAllowWhileRoaming: false
02-27 09:52:41.333  2567  2567 I Telephony:  isRoaming: false
02-27 09:52:41.333  2567  2567 I Telephony:  isOnWfc: false
02-27 09:52:41.669  2506 28878 D ApfFilter: (wlan0): Adding RA fe80::1 -> ff02::1 1800s 2806:102e:11:d62f::/64 2074441s/2074441s DNS 900s fe80::1 
02-27 09:52:41.840     0     0 E [17737.019160,2] msm_dwc3_perf_vote_work: in_perf_mode:0, interrupts in last sample:113
02-27 09:52:42.080  1136  1136 E SurfaceFlinger: Out of order buffers detected for RequestedLayerState{com.android.launcher3/com.android.launcher3.uioverrides.QuickstepLauncher#7191 parentId=5853} producedId=153 frameNumber=107 -> producedId=153 frameNumber=37
