--------- beginning of kernel
02-27 09:51:59.700     0     0 E [17694.878841,2] msm_dwc3_perf_vote_work: in_perf_mode:0, interrupts in last sample:8
02-27 09:52:01.707     0     0 E [17696.885761,2] msm_dwc3_perf_vote_work: in_perf_mode:0, interrupts in last sample:0
02-27 09:52:03.713     0     0 E [17698.892326,2] msm_dwc3_perf_vote_work: in_perf_mode:0, interrupts in last sample:0
--------- beginning of main
02-27 09:52:04.671 18615 18691 I WM-WorkerWrapper: Worker result SUCCESS for Work [ id=ff3781ca-3b79-4ea8-80c2-e613ae621006, tags={ com.whatsapp.messaging.xmpp.XmppLifecycleWorker } ]
02-27 09:52:04.676 18615 18615 D WM-Processor: AGC ff3781ca-3b79-4ea8-80c2-e613ae621006 executed; reschedule = false
02-27 09:52:04.677 18615 18615 D WM-GreedyScheduler: Stopping tracking for WorkGenerationalId(workSpecId=ff3781ca-3b79-4ea8-80c2-e613ae621006, generation=0)
02-27 09:52:04.678 18615 18615 D WM-SystemJobService: ff3781ca-3b79-4ea8-80c2-e613ae621006 executed on JobScheduler
02-27 09:52:04.700   965   999 I netd    : tetherGetStats() -> {[]} <2.44ms>
02-27 09:52:04.702 18615 18691 D WM-GreedyScheduler: Cancelling work ID ff3781ca-3b79-4ea8-80c2-e613ae621006
02-27 09:52:04.706 18615 18692 D WM-NetworkStateTracker: Unregistering network callback
02-27 09:52:05.720     0     0 E [17700.899119,2] msm_dwc3_perf_vote_work: in_perf_mode:0, interrupts in last sample:0
02-27 09:52:07.727     0     0 E [17702.906437,2] msm_dwc3_perf_vote_work: in_perf_mode:0, interrupts in last sample:0
--------- beginning of system
02-27 09:52:08.022  1958  2050 W ActivityManager: Stopping service due to app idle: u0a193 -4m16s936ms com.whatsapp/.messaging.MessageService
02-27 09:52:08.034   965   999 I netd    : tetherGetStats() -> {[]} <1.63ms>
02-27 09:52:09.734     0     0 E [17704.912496,2] msm_dwc3_perf_vote_work: in_perf_mode:0, interrupts in last sample:0
02-27 09:52:11.740     0     0 E [17706.919265,2] msm_dwc3_perf_vote_work: in_perf_mode:0, interrupts in last sample:0
02-27 09:52:13.052  1958  2262 D InetDiagMessage: Destroyed 0 sockets, proto=IPPROTO_TCP, family=AF_INET, states=14
02-27 09:52:13.054  1958  2262 D InetDiagMessage: Destroyed 0 sockets, proto=IPPROTO_TCP, family=AF_INET6, states=14
02-27 09:52:13.054  1958  2262 D InetDiagMessage: Destroyed live tcp sockets for uids={10193} in 13ms
02-27 09:52:13.055  1958  2262 D InetDiagMessage: Destroyed 0 sockets, proto=IPPROTO_TCP, family=AF_INET, states=14
02-27 09:52:13.058  1958  2549 D ConnectivityService: Returning BLOCKED NetworkInfo to uid=10193
02-27 09:52:13.059  1958  2262 D InetDiagMessage: Destroyed 0 sockets, proto=IPPROTO_TCP, family=AF_INET6, states=14
02-27 09:52:13.059  1958  2262 D InetDiagMessage: Destroyed live tcp sockets for uids={20193} in 5ms
02-27 09:52:13.747     0     0 E [17708.925743,2] msm_dwc3_perf_vote_work: in_perf_mode:0, interrupts in last sample:0
02-27 09:52:15.753     0     0 E [17710.933945,2] msm_dwc3_perf_vote_work: in_perf_mode:0, interrupts in last sample:0
02-27 09:52:17.760     0     0 E [17712.939060,2] msm_dwc3_perf_vote_work: in_perf_mode:0, interrupts in last sample:0
02-27 09:52:19.767     0     0 E [17714.945559,2] msm_dwc3_perf_vote_work: in_perf_mode:0, interrupts in last sample:0
02-27 09:52:21.774     0     0 E [17716.952296,2] msm_dwc3_perf_vote_work: in_perf_mode:0, interrupts in last sample:0
02-27 09:52:23.780     0     0 E [17718.959362,2] msm_dwc3_perf_vote_work: in_perf_mode:0, interrupts in last sample:0
02-27 09:52:25.787     0     0 E [17720.965714,2] msm_dwc3_perf_vote_work: in_perf_mode:0, interrupts in last sample:0
02-27 09:52:26.834  1437  1498 D fpc_hidl: onAcquired(code=0, vendor=0)
02-27 09:52:26.837  1958  2299 V Biometrics/AcquisitionClient: Acquired: 0 0, shouldSend: true
02-27 09:52:26.837  2351  4390 D BiometricStatusRepositoryImpl: authenticationState updated: Acquired(biometricSourceType=FINGERPRINT, requestReason=DeviceEntryAuthentication, acquiredInfo=0)
02-27 09:52:26.841  3278  3294 D ForegroundUtils: Foreground UID status:
02-27 09:52:26.841  3278  3294 D ForegroundUtils: UID: 10084 is in foreground: false
02-27 09:52:26.841  3278  3294 D ForegroundUtils: UID: 10100 is in foreground: false
02-27 09:52:26.841  3278  3294 D ForegroundUtils: UID: 10144 is in foreground: false
02-27 09:52:26.841  3278  3294 D ForegroundUtils: UID: 10147 is in foreground: true
02-27 09:52:26.841  3278  3294 D ForegroundUtils: UID: 10162 is in foreground: true
02-27 09:52:26.841  3278  3294 D ForegroundUtils: UID: 10165 is in foreground: false
02-27 09:52:26.841  3278  3294 D ForegroundUtils: UID: 10190 is in foreground: false
02-27 09:52:26.841  3278  3294 D ForegroundUtils: UID: 10193 is in foreground: false
02-27 09:52:26.841  3278  3294 D ForegroundUtils: UID: 10201 is in foreground: false
02-27 09:52:26.841  3278  3294 D ForegroundUtils: UID: 1010162 is in foreground: true
02-27 09:52:26.843  1958  2298 I MR2ServiceImpl: Updating composite discovery preference | preference: RouteDiscoveryRequest{ preferredFeatures={}, activeScan=false }, active routers: []
02-27 09:52:26.843  1437  1498 D fpc_hidl: onAuthenticated(fid=-964092865, gid=0)
02-27 09:52:26.843   965   999 I netd    : tetherGetStats() -> {[]} <2.54ms>
02-27 09:52:26.844  1958  2299 V BiometricLogger: Authentication latency: -1
02-27 09:52:26.844  1958  2299 W BiometricFrameworkStatsLogger: found a negative latency : -1
02-27 09:52:26.844  1958  2299 V Biometrics/AuthenticationClient: onAuthenticated(true), ID:-964092865, Owner: com.android.systemui, isBP: false, listener: com.android.server.biometrics.sensors.ClientMonitorCallbackConverter@bc207ec, requireConfirmation: false, user: 0, clientMonitor: {[61] com.android.server.biometrics.sensors.fingerprint.aidl.FingerprintAuthenticationClient, proto=3, owner=com.android.systemui, cookie=0, requestId=52, userId=0}
02-27 09:52:26.845  1958  2299 W Biometrics/AuthenticationClient: Allowing background authentication, this is allowed only for platform or test invocations
02-27 09:52:26.845  1958  2299 D BaseClientMonitor: marking operation as done: {[61] com.android.server.biometrics.sensors.fingerprint.aidl.FingerprintAuthenticationClient, proto=3, owner=com.android.systemui, cookie=0, requestId=52, userId=0}
02-27 09:52:26.846   737   750 I keystore2: system/security/keystore2/src/authorization.rs:114 - add_auth_token(challenge=0, userId=-3144095911895694389, authId=2853252067883461641, authType=0x2, timestamp=76344700ms)
02-27 09:52:26.846  1958  2299 D Biometrics/AuthenticationClient: addAuthToken succeeded
02-27 09:52:26.847  1958  2299 D BiometricStateCallback: Client finished, state updated to 0, client {[61] com.android.server.biometrics.sensors.fingerprint.aidl.FingerprintAuthenticationClient, proto=3, owner=com.android.systemui, cookie=0, requestId=52, userId=0}
02-27 09:52:26.849  1958  2299 D BiometricSchedulerOperation: [Finished / destroy]: {[61] com.android.server.biometrics.sensors.fingerprint.aidl.FingerprintAuthenticationClient, proto=3, owner=com.android.systemui, cookie=0, requestId=52, userId=0}
02-27 09:52:26.849   737   750 I keystore2: system/security/keystore2/src/authorization.rs:128 - on_device_unlocked(user_id=0, password.is_some()=false)
02-27 09:52:26.850  1958  6508 I PowerGroup: Waking up power group from Dozing (groupId=0, uid=10147, reason=WAKE_REASON_BIOMETRIC, details=android.policy:BIOMETRIC)...
02-27 09:52:26.851  1958  6508 I PowerManagerService: Waking up from Dozing (uid=10147, reason=WAKE_REASON_BIOMETRIC, details=android.policy:BIOMETRIC)...
02-27 09:52:26.851  2351  4304 D BiometricStatusRepositoryImpl: authenticationState updated: Succeeded(biometricSourceType=FINGERPRINT, isStrongBiometric=true, requestReason=DeviceEntryAuthentication, userId=0)
02-27 09:52:26.851  2351  4304 D BiometricStatusRepositoryImpl: authenticationState updated: Stopped(biometricSourceType=FINGERPRINT, requestReason=NotRunning)
02-27 09:52:26.852  1958  2299 D BiometricScheduler: [Finishing] {[61] com.android.server.biometrics.sensors.fingerprint.aidl.FingerprintAuthenticationClient, proto=3, owner=com.android.systemui, cookie=0, requestId=52, userId=0}, success: true
02-27 09:52:26.852  1958  2299 D GestureAvailabilityTracker: Notifying gesture availability, active=true
02-27 09:52:26.853  1958  2299 D BiometricScheduler: No operations, returning to idle
02-27 09:52:26.856  1090  1090 I android.hardware.power-service-qti: Power setMode: 7 to: 1
02-27 09:52:26.857  1958  2102 I DreamManagerService: Gently waking up from dream.
02-27 09:52:26.859  2351  2453 D KeyguardViewMediator: updateActivityLockScreenState(true, false, setDozing)
02-27 09:52:26.860  2351  2351 D CentralSurfaces: !shouldBeKeyguard mStatusBarStateController.isKeyguardRequested() true keyguardForDozing true wakeAndUnlocking true isWakingAndOccluded false
02-27 09:52:26.860  2351  2351 D CentralSurfaces: hideKeyguardImpl false
02-27 09:52:26.860  2351  2351 D SbStateController: setState: requested state SHADE!= upcomingState: KEYGUARD. This usually means the status bar state transition was interrupted before the upcoming state could be applied.
02-27 09:52:26.865  1958  2102 I DisplayPowerController[0]: Blocking screen on until initial contents have been drawn.
02-27 09:52:26.865  1958  2102 I DisplayPowerController: Window Manager Policy screenTurningOn complete
02-27 09:52:26.874  1958  2102 I DisplayBrightnessStrategySelector: Changing the DisplayBrightnessStrategy from ScreenOffBrightnessStrategy to FallbackBrightnessStrategy for display 0
02-27 09:52:26.876  1958  2102 V DisplayPowerController[0]: Brightness [0.14630513] reason changing to: 'manual', previous reason: 'screen_off'.
02-27 09:52:26.876  1958  2102 I DisplayPowerController[0]: BrightnessEvent: brt=0.14630513 (63.0%), nits= 64.1517, lux=-1.0, reason=manual, strat=FallbackBrightnessStrategy, state=ON, stateReason=DEFAULT_POLICY, policy=BRIGHT, flags=, initBrt=0.0, rcmdBrt=NaN, preBrt=NaN, preLux=0.0, wasShortTermModelActive=false, autoBrightness=true (default), unclampedBrt=0.14630513, hbmMax=1.0, hbmMode=off, thrmMax=1.0, rbcStrength=50, powerFactor=1.0, physDisp=Built-in Screen(local:0), logicalId=0
02-27 09:52:26.878  1136  1136 D SurfaceFlinger: Setting power mode 2 on display 0
02-27 09:52:26.878  1085  1162 I SDM     : DisplayBase::SetDisplayState: Set state = 1, display 0
02-27 09:52:26.878  1958  2033 I DisplayDeviceRepository: Display device changed state: "Built-in Screen", ON
02-27 09:52:26.880  1958  2033 I InputManager-JNI: Viewport [0] to add: local:0, isActive: true
02-27 09:52:26.881  1958  2233 I InputReader: Reconfiguring input devices, changes=DISPLAY_INFO
02-27 09:52:26.882  1958  2233 I InputReader: Device reconfigured: id=3, name='goodix-ts', size 1080x2160, orientation Rotation0, mode DIRECT, display id 0
02-27 09:52:26.882  1958  2102 I DisplayBrightnessStrategySelector: Changing the DisplayBrightnessStrategy from FallbackBrightnessStrategy to AutomaticBrightnessStrategy for display 0
02-27 09:52:26.884  1958  2102 V DisplayPowerController[0]: Brightness [0.1532339] reason changing to: 'automatic', previous reason: 'manual'.
02-27 09:52:26.884  1958  2102 I DisplayPowerController[0]: BrightnessEvent: brt=0.1532339 (64.0%), nits= 66.91324, lux=35.999966, reason=automatic, strat=AutomaticBrightnessStrategy, state=ON, stateReason=DEFAULT_POLICY, policy=BRIGHT, flags=, initBrt=0.14630513, rcmdBrt=0.1532339, preBrt=NaN, preLux=NaN, wasShortTermModelActive=false, autoBrightness=true (default), unclampedBrt=0.1532339, hbmMax=1.0, hbmMode=off, thrmMax=1.0, rbcStrength=50, powerFactor=1.0, physDisp=Built-in Screen(local:0), logicalId=0
02-27 09:52:26.884  1958  2102 D BrightnessThermalClamper: Thermal status observer already started
02-27 09:52:26.885  1072  1072 D audio_hw_primary: adev_set_parameters: enter: screen_state=on
02-27 09:52:26.885  1072  1072 D audio_hw_extn: audio_extn_fm_set_parameters: Enter
02-27 09:52:26.885  1072  1072 E soundtrigger: audio_extn_sound_trigger_set_parameters: str_params NULL
02-27 09:52:26.885  1958  2031 I DisplayDevice: [0] Layerstack set to 0 for local:0
02-27 09:52:26.886  2351  2453 D Bubbles : handleKeyguardOrDreamChange isUnlockedShade=false keyguardShowing=true dreamingOrInPreview=false
02-27 09:52:26.887  1958  2233 E WindowManager: Display reconfigured outside of a transition: Display{#0 state=ON size=1080x2160 ROTATION_0}
02-27 09:52:26.890  1958  2102 D BrightnessThermalClamper: Thermal status observer already started
02-27 09:52:26.890  1958  6508 W UserManagerService: Requested status bar icon for non-badged user 0
02-27 09:52:26.892  1958 19803 I DreamManagerService: Leaving dreamland.
02-27 09:52:26.894  2351  2351 E KeyguardViewMediator: mHideAnimationFinishedRunnable#run
02-27 09:52:26.895  1958  2030 I DreamController: Stopping dream: name=ComponentInfo{com.android.systemui/com.android.systemui.doze.DozeService}, isPreviewMode=false, canDoze=true, userId=0, reason='finished self'(from 'power manager request')
02-27 09:52:26.895  1958  2033 I BrightnessSynchronizer: [1291] New Update 0.1532339(f) set brightness values:  40(i)
02-27 09:52:26.896  1958  2033 I BrightnessSynchronizer: New PendingUpdate: {[1292] 0.1532339(f), mUpdatedTypes=0, mConfirmedTypes=0, mTimeUpdated=0}, prev=null
02-27 09:52:26.897  1471  1576 E RIL-MOTEXT: Oem Hook header type 0, requestCode 0x0
02-27 09:52:26.899  1958  2033 I BrightnessSynchronizer: Swallowing update of 40(i) by update: {[1291] 0.1532339(f), mUpdatedTypes=1, mConfirmedTypes=1, mTimeUpdated=17722443}
02-27 09:52:26.899  1958  2033 I BrightnessSynchronizer: Completed Update: {[1291] 0.1532339(f), mUpdatedTypes=1, mConfirmedTypes=1, mTimeUpdated=17722443}
02-27 09:52:26.900  2996  3036 I QcrilOemhookMsgTunnel: [0]processOemHookResponse serial no: -1 error: 0length=1
02-27 09:52:26.900  2996  3036 E QcrilOemhookMsgTunnel: [0]Unexpected serial number in solicited response!serial: -1 error: 0
02-27 09:52:26.900  1090  1090 I android.hardware.power-service-qti: Power setMode: 5 to: 1
02-27 09:52:26.901  2351  2391 V WindowManagerShell: UNKNOWN MESSAGE (319134872409225255) 651 android.os.BinderProxy@f8f4f1 TransitionRequestInfo { type = TO_BACK, triggerTask = null, pipTask = null, remoteTransition = null, displayChange = null, flags = 106, debugId = 651 }
02-27 09:52:26.902  1958  2549 D ActivityTaskManager: Top Process State changed to PROCESS_STATE_TOP
02-27 09:52:26.902  1479  1574 E RIL-MOTEXT: Oem Hook header type 0, requestCode 0x0
02-27 09:52:26.912  3278  3299 D ForegroundUtils: Foreground UID status:
02-27 09:52:26.912  3278  3299 D ForegroundUtils: UID: 10084 is in foreground: false
02-27 09:52:26.912  3278  3299 D ForegroundUtils: UID: 10100 is in foreground: false
02-27 09:52:26.912  3278  3299 D ForegroundUtils: UID: 10144 is in foreground: true
02-27 09:52:26.912  3278  3299 D ForegroundUtils: UID: 10147 is in foreground: true
02-27 09:52:26.912  3278  3299 D ForegroundUtils: UID: 10162 is in foreground: true
02-27 09:52:26.912  3278  3299 D ForegroundUtils: UID: 10165 is in foreground: false
02-27 09:52:26.912  3278  3299 D ForegroundUtils: UID: 10190 is in foreground: false
02-27 09:52:26.912  3278  3299 D ForegroundUtils: UID: 10193 is in foreground: false
02-27 09:52:26.912  3278  3299 D ForegroundUtils: UID: 10201 is in foreground: false
02-27 09:52:26.912  3278  3299 D ForegroundUtils: UID: 1010162 is in foreground: true
02-27 09:52:26.913  2996  3036 I QcrilOemhookMsgTunnel: [1]processOemHookResponse serial no: -1 error: 0length=1
02-27 09:52:26.913  2996  3036 E QcrilOemhookMsgTunnel: [1]Unexpected serial number in solicited response!serial: -1 error: 0
02-27 09:52:26.913   737   750 I keystore2: system/security/keystore2/src/super_key.rs:1036 - Successfully unlocked user 0 with biometric 2853252067883461641
02-27 09:52:26.914  1958  2657 W ActivityManager: Unable to start service Intent { act=com.android.launcher3.WINDOW_OVERLAY dat=app://com.android.launcher3:10144/... pkg=com.google.android.googlequicksearchbox } U=0: not found
02-27 09:52:26.914  2351  2391 D WindowManagerShell: UNKNOWN MESSAGE (-2945141395292145768) false 294
02-27 09:52:26.916  1958  6508 I AppWidgetServiceImpl: startListening() 0
02-27 09:52:26.916  2996  3036 I QcrilOemhookMsgTunnel: [0]processOemHookIndication length=22
02-27 09:52:26.916  2619  2619 D StatsLog: LAUNCHER_ONRESUME
02-27 09:52:26.917  1958  2008 I AppWidgetServiceImpl: startListening() 0
02-27 09:52:26.917  2351  2391 D WindowManagerShell: UNKNOWN MESSAGE (-2945141395292145768) true 294
02-27 09:52:26.918  2351  2426 D KeyguardTransitionRepository: (Internal) Setting current transition info: TransitionInfo(ownerName=FromDozingTransitionInteractor(biometric wake and unlock), from=DOZING, to=GONE, animated)
02-27 09:52:26.921  2351  2351 D ZenModeController: Added callback class com.android.systemui.qs.tiles.DndTile$3
02-27 09:52:26.924  3278  3278 D NfcService: applyScreenState(): screenState=4
02-27 09:52:26.924  3278  3278 D NfcService: applyScreenState(): screenState != mScreenState=2
02-27 09:52:26.924  3278  3278 D NfcService: MSG_APPLY_SCREEN_STATE 4
02-27 09:52:26.930  3278  3278 D libnfc_nci: nfcManager_doSetScreenState: state = 4 prevScreenState= 2, discovry_param = 1
02-27 09:52:26.935  2351  2351 D KeyguardViewMediator: KeyguardViewMediator queue processing message: NOTIFY_STARTED_WAKING_UP
02-27 09:52:26.936  2619  2619 D BaseDepthController: setSurface:
02-27 09:52:26.936  2619  2619 D BaseDepthController: 	mWaitingOnSurfaceValidity: false
02-27 09:52:26.936  2619  2619 D BaseDepthController: 	mSurface: Surface(name=com.android.launcher3/com.android.launcher3.uioverrides.QuickstepLauncher)/@0x9766bf1
02-27 09:52:26.938  1958  2007 D CoreBackPreview: Window{181d822 u0 NotificationShade}: Setting back callback OnBackInvokedCallbackInfo{mCallback=android.window.IOnBackInvokedCallback$Stub$Proxy@8a39e69, mPriority=0, mIsAnimationCallback=false}
02-27 09:52:26.939  2351  2351 I KeyguardTransitionRepository: STARTED transition: TransitionStep(from=DOZING, to=GONE, value=0.0, transitionState=STARTED, ownerName=FromDozingTransitionInteractor(biometric wake and unlock))
02-27 09:52:26.942  2351  2351 D CentralSurfaces: mShouldDelayWakeUpAnimation CLEARED
02-27 09:52:26.943  2351  2351 D CentralSurfaces: !shouldBeKeyguard mStatusBarStateController.isKeyguardRequested() true keyguardForDozing false wakeAndUnlocking true isWakingAndOccluded false
02-27 09:52:26.943  2351  2351 D CentralSurfaces: hideKeyguardImpl false
02-27 09:52:26.951  1090  1090 I android.hardware.power-service-qti: Power setMode: 5 to: 0
02-27 09:52:26.954  3298  3298 D MotoActions-StowSensor: Disabling
02-27 09:52:26.955  1958  2298 I MR2ServiceImpl: Updating composite discovery preference | preference: RouteDiscoveryRequest{ preferredFeatures={}, activeScan=false }, active routers: []
02-27 09:52:26.957  3298  3298 D MotoActions-FlatUpSensor: Disabling
02-27 09:52:26.962  2351  2817 V WindowManagerShell: UNKNOWN MESSAGE (6541979577719206723) 8409545997451
02-27 09:52:26.962  2351  2391 V WindowManagerShell: UNKNOWN MESSAGE (1354476626241269833) 651 android.os.BinderProxy@f8f4f1 {id=651 t=TO_BACK f=0x106 trk=0 r=[0@Point(0, 0)] c=[{WCT{android.window.IWindowContainerToken$Stub$Proxy@9754d7e} m=TO_FRONT f=SHOW_WALLPAPER p=WCT{android.window.IWindowContainerToken$Stub$Proxy@20292df} leash=Surface(name=Task=1)/@0xdd56032 sb=Rect(0, 0 - 1080, 2160) eb=Rect(0, 0 - 1080, 2160) epz=Point(1080, 2160) d=0 taskParent=-1},{WCT{android.window.IWindowContainerToken$Stub$Proxy@b52ab2c} m=TO_FRONT f=SHOW_WALLPAPER leash=Surface(name=DefaultTaskDisplayArea)/@0xfd56183 sb=Rect(0, 0 - 1080, 2160) eb=Rect(0, 0 - 1080, 2160) epz=Point(1080, 2160) d=0},{null m=TO_FRONT f=IS_WALLPAPER|IS_OCCLUDED leash=Surface(name=WallpaperWindowToken{2b97534 token=android.os.Binder@8cda007})/@0xfe29f00 sb=Rect(0, 0 - 1080, 2160) eb=Rect(0, 0 - 1080, 2160) epz=Point(1080, 2160) d=0}]}
02-27 09:52:26.962  1958  2030 V WindowManager: Sent Transition (#651) createdAt=02-27 09:52:26.900 via request=TransitionRequestInfo { type = TO_BACK, triggerTask = null, pipTask = null, remoteTransition = null, displayChange = null, flags = 106, debugId = 651 }
02-27 09:52:26.962  1958  2030 V WindowManager:     startWCT=WindowContainerTransaction { changes = {} hops = [] errorCallbackToken=null taskFragmentOrganizer=null }
02-27 09:52:26.962  2351  2391 V WindowManagerShell: UNKNOWN MESSAGE (7933815964243868580) (#651) android.os.BinderProxy@f8f4f1@0
02-27 09:52:26.962  1958  2030 V WindowManager:     info={id=651 t=TO_BACK f=0x106 trk=0 r=[0@Point(0, 0)] c=[
02-27 09:52:26.962  1958  2030 V WindowManager:         {WCT{RemoteToken{9af284a Task{38a73df #1 type=home isResizeable=true minWidth=-1 minHeight=-1}}} m=TO_FRONT f=SHOW_WALLPAPER p=WCT{RemoteToken{116e3bb DefaultTaskDisplayArea@22375060}} leash=Surface(name=Task=1)/@0x9c4837e sb=Rect(0, 0 - 1080, 2160) eb=Rect(0, 0 - 1080, 2160) epz=Point(1080, 2160) d=0 taskParent=-1},
02-27 09:52:26.962  1958  2030 V WindowManager:         {WCT{RemoteToken{116e3bb DefaultTaskDisplayArea@22375060}} m=TO_FRONT f=SHOW_WALLPAPER leash=Surface(name=DefaultTaskDisplayArea)/@0x5c23139 sb=Rect(0, 0 - 1080, 2160) eb=Rect(0, 0 - 1080, 2160) epz=Point(1080, 2160) d=0},
02-27 09:52:26.962  1958  2030 V WindowManager:         {null m=TO_FRONT f=IS_WALLPAPER|IS_OCCLUDED leash=Surface(name=WallpaperWindowToken{2b97534 token=android.os.Binder@8cda007})/@0x5756500 sb=Rect(0, 0 - 1080, 2160) eb=Rect(0, 0 - 1080, 2160) epz=Point(1080, 2160) d=0}
02-27 09:52:26.962  1958  2030 V WindowManager:     ]}
02-27 09:52:26.963  2351  2391 V WindowManagerShell: UNKNOWN MESSAGE (2316055606185049262) com.android.wm.shell.transition.DefaultMixedHandler@a8b9d5a
02-27 09:52:26.963  2351  2391 V WindowManagerShell: UNKNOWN MESSAGE (2316055606185049262) com.android.wm.shell.keyguard.KeyguardTransitionHandler@4ff9b8b
02-27 09:52:26.963  2351  2391 V WindowManagerShell: UNKNOWN MESSAGE (8206143507108738884) going-away {id=651 t=TO_BACK f=0x106 trk=0 r=[0@Point(0, 0)] c=[{WCT{android.window.IWindowContainerToken$Stub$Proxy@9754d7e} m=TO_FRONT f=SHOW_WALLPAPER p=WCT{android.window.IWindowContainerToken$Stub$Proxy@20292df} leash=Surface(name=Task=1)/@0xdd56032 sb=Rect(0, 0 - 1080, 2160) eb=Rect(0, 0 - 1080, 2160) epz=Point(1080, 2160) d=0 taskParent=-1},{WCT{android.window.IWindowContainerToken$Stub$Proxy@b52ab2c} m=TO_FRONT f=SHOW_WALLPAPER leash=Surface(name=DefaultTaskDisplayArea)/@0xfd56183 sb=Rect(0, 0 - 1080, 2160) eb=Rect(0, 0 - 1080, 2160) epz=Point(1080, 2160) d=0},{null m=TO_FRONT f=IS_WALLPAPER|IS_OCCLUDED leash=Surface(name=WallpaperWindowToken{2b97534 token=android.os.Binder@8cda007})/@0xfe29f00 sb=Rect(0, 0 - 1080, 2160) eb=Rect(0, 0 - 1080, 2160) epz=Point(1080, 2160) d=0}]}
02-27 09:52:26.963  2351  2391 D KeyguardService: Starts IRemoteAnimationRunner: info={id=651 t=TO_BACK f=0x106 trk=0 r=[0@Point(0, 0)] c=[{WCT{android.window.IWindowContainerToken$Stub$Proxy@9754d7e} m=TO_FRONT f=SHOW_WALLPAPER p=WCT{android.window.IWindowContainerToken$Stub$Proxy@20292df} leash=Surface(name=Task=1)/@0xdd56032 sb=Rect(0, 0 - 1080, 2160) eb=Rect(0, 0 - 1080, 2160) epz=Point(1080, 2160) d=0 taskParent=-1},{WCT{android.window.IWindowContainerToken$Stub$Proxy@b52ab2c} m=TO_FRONT f=SHOW_WALLPAPER leash=Surface(name=DefaultTaskDisplayArea)/@0xfd56183 sb=Rect(0, 0 - 1080, 2160) eb=Rect(0, 0 - 1080, 2160) epz=Point(1080, 2160) d=0},{null m=TO_FRONT f=IS_WALLPAPER|IS_OCCLUDED leash=Surface(name=WallpaperWindowToken{2b97534 token=android.os.Binder@8cda007})/@0xfe29f00 sb=Rect(0, 0 - 1080, 2160) eb=Rect(0, 0 - 1080, 2160) epz=Point(1080, 2160) d=0}]}
02-27 09:52:26.964  1958 19803 D ConnectivityService: Returning UNBLOCKED NetworkInfo to uid=10193
02-27 09:52:26.966  2351  2391 V WindowManagerShell: UNKNOWN MESSAGE (5292399587644158186) com.android.wm.shell.keyguard.KeyguardTransitionHandler@4ff9b8b
02-27 09:52:26.983  1958  2102 I DisplayPowerController[0]: Unblocked screen on after 118 ms
02-27 09:52:26.985  1070  1596 W qti_sensors_hal: enable: MOT_DISPROT Enabling
02-27 09:52:26.991  2558  2997 D QCNEJ/WlanStaInfoRelay: Received action: android.net.wifi.RSSI_CHANGED
02-27 09:52:26.991  2558  2997 I QCNEJ/NativeHalConnector: -> SND notifyWlanStaStatusChanged([WlanStaInfo]: wifiSwitchState = 1 rssi = -51 ssid = INFINITUM54EC bssid = f4:2d:06:9b:20:40 dnsInfo = fe80::1%wlan0;192.168.1.254;0.0.0.0;0.0.0.0; freqBand = _5GHz countryCode = mx[RatInfo]: networkType = 1 subType = 101 networkState = CONNECTED netHdl = 501621903373 ipAddrV4 = 192.168.1.83 ipAddrV6 = 2806:102e:11:d62f:3cb1:67dc:3fe1:3f9a ifNameV4 = wlan0 ifNameV6 = wlan0 slotIdx = 0 isAndroidValidated = true) timeStamp = 2025-02-27 09:52:26.991
02-27 09:52:26.993   965   999 I netd    : networkAddUidRangesParcel(NativeUidRangeConfig{netId: 116, uidRanges: [UidRangeParcel{start: 0, stop: 2147483647}], subPriority: 998}) <1.13ms>
02-27 09:52:26.994  1070  1556 W qti_sensors_hal: processInd: MOT_DISPROT Data: -1.0
02-27 09:52:26.994  2351  2351 W WindowOnBackDispatcher: sendCancelIfRunning: isInProgress=false callback=com.android.systemui.back.domain.interactor.BackActionInteractor$callback$2@61eec57
02-27 09:52:26.994   965   999 I netd    : networkRemoveUidRangesParcel(NativeUidRangeConfig{netId: 116, uidRanges: [UidRangeParcel{start: 0, stop: 2147483647}], subPriority: 998}) <0.44ms>
02-27 09:52:26.994  1958 24415 D CoreBackPreview: Window{181d822 u0 NotificationShade}: Setting back callback null
02-27 09:52:26.996  2351  2351 D SbStateController: setIsDreaming:false
02-27 09:52:27.016  1958 19803 W UserManagerService: Requested status bar icon for non-badged user 0
02-27 09:52:27.018  1958  2007 W ContextImpl: Calling a method in the system process without a qualified user: android.app.ContextImpl.sendBroadcastMultiplePermissions:1319 android.content.Context.sendBroadcastMultiplePermissions:2537 com.android.server.TelephonyRegistry.broadcastServiceStateChanged:3774 com.android.server.TelephonyRegistry.notifyServiceStateForPhoneId:1779 com.android.internal.telephony.ITelephonyRegistry$Stub.onTransact:553 
02-27 09:52:27.019  2558  2997 D QCNEJ/WwanInfoRelay: onServiceStateChanged: dataState: 2 DDS:1 Notify service state update
02-27 09:52:27.021  1958  2007 W ContextImpl: Calling a method in the system process without a qualified user: android.app.ContextImpl.sendBroadcastMultiplePermissions:1352 com.android.server.TelephonyRegistry.broadcastServiceStateChanged:3779 com.android.server.TelephonyRegistry.notifyServiceStateForPhoneId:1779 com.android.internal.telephony.ITelephonyRegistry$Stub.onTransact:553 android.os.Binder.execTransactInternal:1396 
02-27 09:52:27.025  2351  2351 D KeyguardViewMediator: handleStartKeyguardExitAnimation startTime=0 fadeoutDuration=0
02-27 09:52:27.025  1958  2007 W ContextImpl: Calling a method in the system process without a qualified user: android.app.ContextImpl.sendBroadcastMultiplePermissions:1352 com.android.server.TelephonyRegistry.broadcastServiceStateChanged:3788 com.android.server.TelephonyRegistry.notifyServiceStateForPhoneId:1779 com.android.internal.telephony.ITelephonyRegistry$Stub.onTransact:553 android.os.Binder.execTransactInternal:1396 
02-27 09:52:27.025  2351  2351 D KeyguardUnlock: playCannedUnlockAnimation
02-27 09:52:27.025  2351  2351 D KeyguardUnlock: playCannedUnlockAnimation, isWakeAndUnlock
02-27 09:52:27.026  2351  2351 D KeyguardViewMediator: exitKeyguardAndFinishSurfaceBehindRemoteAnimation
02-27 09:52:27.026  2351  2351 D KeyguardViewMediator: KeyguardViewMediator queue processing message: START_KEYGUARD_EXIT_ANIM
02-27 09:52:27.030  1958  2007 W ContextImpl: Calling a method in the system process without a qualified user: android.app.ContextImpl.sendBroadcastMultiplePermissions:1352 com.android.server.TelephonyRegistry.broadcastServiceStateChanged:3794 com.android.server.TelephonyRegistry.notifyServiceStateForPhoneId:1779 com.android.internal.telephony.ITelephonyRegistry$Stub.onTransact:553 android.os.Binder.execTransactInternal:1396 
02-27 09:52:27.034  2567  2567 D ServiceStateProvider: subId=1
02-27 09:52:27.035  2758  2758 D CellBroadcastReceiver: onReceive Intent { act=android.intent.action.SERVICE_STATE flg=0x1000010 cmp=com.android.cellbroadcastreceiver.module/com.android.cellbroadcastreceiver.CellBroadcastReceiver (has extras) }
02-27 09:52:27.036  2758  2758 D CellBroadcastReceiver: onServiceStateChanged, ss: 0
02-27 09:52:27.036  2758  2758 D CellBroadcastReceiver: networkOperator: 334020
02-27 09:52:27.036  2758  2758 D CellBroadcastReceiver: update supported roaming operator as 
02-27 09:52:27.037 18312 18312 D CellBroadcastReceiver: onReceive Intent { act=android.intent.action.SERVICE_STATE flg=0x1000010 cmp=com.android.cellbroadcastreceiver.module/com.android.cellbroadcastreceiver.CellBroadcastReceiver (has extras) }
02-27 09:52:27.038 18312 18312 D CellBroadcastReceiver: onServiceStateChanged, ss: 0
02-27 09:52:27.038 18312 18312 D CellBroadcastReceiver: networkOperator: 334020
02-27 09:52:27.038 18312 18312 D CellBroadcastReceiver: update supported roaming operator as 
02-27 09:52:27.057  2567  2567 I Telephony: TelecomAccountRegistry$TelecomAccountTelephonyCallback: TelecomAccountRegistry: onServiceStateChanged: newState=0, mServiceState=0
02-27 09:52:27.058  2567  2567 I Telephony: isRttCurrentlySupported -- regular acct, hasVoiceAvailability: false
02-27 09:52:27.058  2567  2567 I Telephony:  isRttSupported: false
02-27 09:52:27.058  2567  2567 I Telephony:  alwaysAllowWhileRoaming: false
02-27 09:52:27.058  2567  2567 I Telephony:  isRoaming: false
02-27 09:52:27.058  2567  2567 I Telephony:  isOnWfc: false
02-27 09:52:27.070  1958 19803 W ContextImpl: Calling a method in the system process without a qualified user: android.app.ContextImpl.sendBroadcastMultiplePermissions:1319 android.content.Context.sendBroadcastMultiplePermissions:2537 com.android.server.TelephonyRegistry.broadcastServiceStateChanged:3774 com.android.server.TelephonyRegistry.notifyServiceStateForPhoneId:1779 com.android.internal.telephony.ITelephonyRegistry$Stub.onTransact:553 
02-27 09:52:27.070  2558  2997 D QCNEJ/WwanInfoRelay: onServiceStateChanged: dataState: 2 DDS:1 Notify service state update
02-27 09:52:27.072  1958 19803 W ContextImpl: Calling a method in the system process without a qualified user: android.app.ContextImpl.sendBroadcastMultiplePermissions:1352 com.android.server.TelephonyRegistry.broadcastServiceStateChanged:3779 com.android.server.TelephonyRegistry.notifyServiceStateForPhoneId:1779 com.android.internal.telephony.ITelephonyRegistry$Stub.onTransact:553 android.os.Binder.execTransactInternal:1396 
02-27 09:52:27.074  1958 19803 W ContextImpl: Calling a method in the system process without a qualified user: android.app.ContextImpl.sendBroadcastMultiplePermissions:1352 com.android.server.TelephonyRegistry.broadcastServiceStateChanged:3788 com.android.server.TelephonyRegistry.notifyServiceStateForPhoneId:1779 com.android.internal.telephony.ITelephonyRegistry$Stub.onTransact:553 android.os.Binder.execTransactInternal:1396 
02-27 09:52:27.076  1958 19803 W ContextImpl: Calling a method in the system process without a qualified user: android.app.ContextImpl.sendBroadcastMultiplePermissions:1352 com.android.server.TelephonyRegistry.broadcastServiceStateChanged:3794 com.android.server.TelephonyRegistry.notifyServiceStateForPhoneId:1779 com.android.internal.telephony.ITelephonyRegistry$Stub.onTransact:553 android.os.Binder.execTransactInternal:1396 
02-27 09:52:27.078  2567  2567 D ServiceStateProvider: subId=1
02-27 09:52:27.079  2758  2758 D CellBroadcastReceiver: onReceive Intent { act=android.intent.action.SERVICE_STATE flg=0x1000010 cmp=com.android.cellbroadcastreceiver.module/com.android.cellbroadcastreceiver.CellBroadcastReceiver (has extras) }
02-27 09:52:27.080  2758  2758 D CellBroadcastReceiver: onServiceStateChanged, ss: 0
02-27 09:52:27.080  2758  2758 D CellBroadcastReceiver: networkOperator: 334020
02-27 09:52:27.080  2758  2758 D CellBroadcastReceiver: update supported roaming operator as 
02-27 09:52:27.080 18312 18312 D CellBroadcastReceiver: onReceive Intent { act=android.intent.action.SERVICE_STATE flg=0x1000010 cmp=com.android.cellbroadcastreceiver.module/com.android.cellbroadcastreceiver.CellBroadcastReceiver (has extras) }
02-27 09:52:27.081 18312 18312 D CellBroadcastReceiver: onServiceStateChanged, ss: 0
02-27 09:52:27.081 18312 18312 D CellBroadcastReceiver: networkOperator: 334020
02-27 09:52:27.081 18312 18312 D CellBroadcastReceiver: update supported roaming operator as 
02-27 09:52:27.088  2567  2567 I Telephony: TelecomAccountRegistry$TelecomAccountTelephonyCallback: TelecomAccountRegistry: onServiceStateChanged: newState=0, mServiceState=0
02-27 09:52:27.089  2567  2567 I Telephony: isRttCurrentlySupported -- regular acct, hasVoiceAvailability: false
02-27 09:52:27.089  2567  2567 I Telephony:  isRttSupported: false
02-27 09:52:27.089  2567  2567 I Telephony:  alwaysAllowWhileRoaming: false
02-27 09:52:27.089  2567  2567 I Telephony:  isRoaming: false
02-27 09:52:27.089  2567  2567 I Telephony:  isOnWfc: false
02-27 09:52:27.091  1136  1136 D SurfaceFlinger: Finished setting power mode 2 on display 0
02-27 09:52:27.091  1958  2322 D SurfaceControl: Excessive delay in setPowerMode()
02-27 09:52:27.094     0     0 I         : [17722.067244,1] mdss_dsi_on[0]+.
02-27 09:52:27.094     0     0 I         : [17722.123219,1] mdss_dsi_on[0]-.
02-27 09:52:27.094     0     0 I         : [17722.123255,1] mdss_dsi_panel_on[0]+.
02-27 09:52:27.094     0     0 I [17722.133325,5] FPS: clipping is OFF
02-27 09:52:27.094     0     0 I         : [17722.134274,6] fpc1020 soc:fpc_fpc1020: config_irq: dual config irq status: true
02-27 09:52:27.094     0     0 I         : [17722.271236,2] mdss_dsi_panel_on[0]-. Pwr_mode(0x0A) = 0x9d
02-27 09:52:27.094     0     0 I         : [17722.272089,3] mdss_dsi_post_panel_on[0]-.
02-27 09:52:27.094     0     0 E [17722.272125,3] mdss_fb_set_hw_param: invalid value 3 for CABC
02-27 09:52:27.094     0     0 I         : [17722.272157,3] fpc1020 soc:fpc_fpc1020: config_irq: dual config irq status: true
02-27 09:52:27.094     0     0 I         : [17722.272367,3] Goodix-TS 3-005d: Goodix touch resume.
02-27 09:52:27.094     0     0 I         : [17722.272375,3] Goodix-TS 3-005d: Guitar reset
02-27 09:52:27.095  1958  2102 W PowerManagerService: Screen on took 246 ms
02-27 09:52:27.095  1136  1136 I BpBinder: onLastStrongRef automatically unlinking death recipients: 
02-27 09:52:27.104  1958  2102 D BrightnessThermalClamper: Thermal status observer already started
02-27 09:52:27.112  1072  1072 D audio_hw_primary: adev_set_parameters: enter: screen_state=on
02-27 09:52:27.113  1072  1072 D audio_hw_extn: audio_extn_fm_set_parameters: Enter
02-27 09:52:27.113  1072  1072 E soundtrigger: audio_extn_sound_trigger_set_parameters: str_params NULL
02-27 09:52:27.117  1958  2030 I UsbPortManager: USB HAL HIDL version: 10
02-27 09:52:27.121  2351  2351 D DismissCallbackRegistry: notifyDismissSucceeded(0)
02-27 09:52:27.122  2351  2351 D KeyguardViewMediator: onKeyguardExitRemoteAnimationFinished#hideKeyguardViewAfterRemoteAnimation
02-27 09:52:27.122  2351  2453 D KeyguardViewMediator: updateActivityLockScreenState(false, false, onKeyguardExitFinished: exitKeyguardAndFinishSurfaceBehindRemoteAnimation)
02-27 09:52:27.125  1126  2195 D audioserver: logFgsApiBegin: FGS Logger Transaction failed, -129
02-27 09:52:27.126  1958  6508 W AS.PlaybackActivityMon: No piid assigned for invalid/internal port id 243
02-27 09:52:27.127  1072  2966 D audio_hw_primary: start_output_stream: enter: stream(0xee7c21a0)usecase(1: low-latency-playback) devices(0x2) is_haptic_usecase(0)
02-27 09:52:27.128  1072  2966 D audio_hw_primary: select_devices for use case (low-latency-playback)
02-27 09:52:27.128  1072  2966 I msm8974_platform: platform_check_and_set_codec_backend_cfg:becf: afe: bitwidth 16, samplerate 48000 channels 2, backend_idx 0 usecase = 1 device (speaker)
02-27 09:52:27.128  1072  2966 D msm8974_platform: platform_split_snd_device: snd_device(2) num devices(1) new_snd_devices(0)
02-27 09:52:27.128  1072  2966 I msm8974_platform: platform_check_and_set_codec_backend_cfg: new_snd_devices[0] is 2
02-27 09:52:27.128  1090  1090 I android.hardware.power-service-qti: Boost 3Not Supported
02-27 09:52:27.128  1072  2966 I msm8974_platform: platform_check_codec_backend_cfg:becf: afe: bitwidth 16, samplerate 48000 channels 2, backend_idx 0 usecase = 1 device (speaker)
02-27 09:52:27.129  1072  2966 E audio_hw_extn: audio_extn_enable_hifi_filter: Could not get ctl for mixer cmd - HiFi Filter, using default control
02-27 09:52:27.129  1072  2966 D msm8974_platform: platform_check_codec_backend_cfg:becf: updated afe: bitwidth 16, samplerate 48000 channels 2,backend_idx 0 usecase = 1 device (speaker)
02-27 09:52:27.129  1072  2966 D msm8974_platform: platform_check_codec_backend_cfg:becf: afe: playback on codec device not supporting native playback set default Sample Rate(48k)
02-27 09:52:27.129  1072  2966 I msm8974_platform: platform_check_codec_backend_cfg:becf: afe: Codec selected backend: 0 updated bit width: 16 and sample rate: 48000
02-27 09:52:27.129  1072  2966 D audio_hw_primary: check_usecases_codec_backend:becf: force routing 0
02-27 09:52:27.129  1072  2966 E msm8974_platform: platform_check_backends_match: Invalid snd_device = 
02-27 09:52:27.129  1072  2966 D audio_hw_primary: check_usecases_codec_backend:becf: (74) check_usecases curr device: speaker, usecase device: backends match 0
02-27 09:52:27.129  1072  2966 D audio_hw_primary: check_usecases_codec_backend:becf: check_usecases num.of Usecases to switch 0
02-27 09:52:27.129  1072  2966 D hardware_info: hw_info_append_hw_type : device_name = speaker
02-27 09:52:27.129  1072  2966 D msm8974_platform: platform_split_snd_device: snd_device(2) num devices(0) new_snd_devices(0)
02-27 09:52:27.129  1072  2966 D audio_hw_primary: enable_snd_device: snd_device(2: speaker)
02-27 09:52:27.129  1072  2966 D audio_route: Apply path: speaker
02-27 09:52:27.132  2351  2351 D CentralSurfaces: !shouldBeKeyguard mStatusBarStateController.isKeyguardRequested() false keyguardForDozing false wakeAndUnlocking true isWakingAndOccluded false
02-27 09:52:27.132  2351  2351 D CentralSurfaces: hideKeyguardImpl false
02-27 09:52:27.133  2619  2619 I OverviewComponentObserver: updateOverviewTargets: mIsHomeDisabled=false, isDefaultHomeNull=false, mIsDefaultHome=true
02-27 09:52:27.136  3278  3278 D NfcService: applyScreenState(): screenState=8
02-27 09:52:27.137  3278  3278 D NfcService: applyScreenState(): screenState != mScreenState=4
02-27 09:52:27.137  3278  3278 D NfcService: MSG_APPLY_SCREEN_STATE 8
02-27 09:52:27.138  1072  2966 I audio_hw_utils: audio_extn_utils_update_stream_output_app_type_cfg Allowing 24 and above bits playback on speaker ONLY at default sampling rate
02-27 09:52:27.138  1072  2966 W audio_hw_utils: audio_extn_utils_update_stream_output_app_type_cfg: App type could not be selected. Falling back to default
02-27 09:52:27.138  1072  2966 D audio_hw_utils: audio_extn_utils_send_app_type_cfg: usecase->out_snd_device speaker
02-27 09:52:27.138  1072  2966 D msm8974_platform: platform_split_snd_device: snd_device(2) num devices(0) new_snd_devices(0)
02-27 09:52:27.139  1072  2966 D audio_hw_utils: audio_extn_btsco_get_sample_rate:Not a BT SCO device, need not update sampling rate
02-27 09:52:27.139  1072  2966 I audio_hw_utils: send_app_type_cfg_for_device PLAYBACK app_type 69936, acdb_dev_id 14, sample_rate 48000, snd_device_be_idx 2
02-27 09:52:27.140  1072  2966 D msm8974_platform: platform_split_snd_device: snd_device(2) num devices(1) new_snd_devices(0)
02-27 09:52:27.140  1072  2966 D audio_hw_utils: audio_extn_btsco_get_sample_rate:Not a BT SCO device, need not update sampling rate
02-27 09:52:27.140  1072  2966 D ACDB-LOADER: ACDB -> send_audio_cal, acdb_id = 14, path = 0, app id = 0x11130, sample rate = 48000
02-27 09:52:27.140  1072  2966 D ACDB-LOADER: ACDB -> send_asm_topology
02-27 09:52:27.140  1072  2966 D ACDB-LOADER: ACDB -> ACDB_CMD_GET_AUDPROC_STREAM_TOPOLOGY_ID
02-27 09:52:27.140  1072  2966 D ACDB-LOADER: ACDB -> send_adm_topology
02-27 09:52:27.140  1072  2966 D ACDB-LOADER: ACDB -> ACDB_CMD_GET_AUDPROC_COMMON_TOPOLOGY_ID
02-27 09:52:27.140  1072  2966 D ACDB-LOADER: ACDB -> send_audtable
02-27 09:52:27.140  1072  2966 D ACDB-LOADER: ACDB -> ACDB_CMD_GET_AUDPROC_COMMON_TABLE_SIZE
02-27 09:52:27.140  1072  2966 D android.hardware.audio.service: ACDBFILE_MGR:Read the devices count as zero, please check the acdb file
02-27 09:52:27.140  1072  2966 D ACDB-LOADER: ACDB -> ACDB_CMD_GET_AUDPROC_COMMON_TABLE
02-27 09:52:27.140  1072  2966 D android.hardware.audio.service: ACDBFILE_MGR:Read the devices count as zero, please check the acdb file
02-27 09:52:27.140  1072  2966 D ACDB-LOADER: ACDB -> AUDIO_SET_AUDPROC_CAL
02-27 09:52:27.140  1072  2966 D ACDB-LOADER: ACDB -> send_audvoltable
02-27 09:52:27.140  1072  2966 D ACDB-LOADER: ACDB -> ACDB_CMD_GET_AUDPROC_VOL_STEP_TABLE_SIZE
02-27 09:52:27.140  1072  2966 D android.hardware.audio.service: ACDBFILE_MGR:Read the devices count as zero, please check the acdb file
02-27 09:52:27.140  1072  2966 D ACDB-LOADER: ACDB -> ACDB_CMD_GET_AUDPROC_GAIN_DEP_STEP_TABLE, vol index 0
02-27 09:52:27.140  1072  2966 D android.hardware.audio.service: ACDBFILE_MGR:Read the devices count as zero, please check the acdb file
02-27 09:52:27.140  1072  2966 D ACDB-LOADER: ACDB -> AUDIO_SET_VOL_CAL cal type = 12
02-27 09:52:27.140  1072  2966 D ACDB-LOADER: ACDB -> ACDB_CMD_GET_AUDPROC_STREAM_TABLE_SIZE
02-27 09:52:27.140  1072  2966 D ACDB-LOADER: ACDB -> send_audstrmtable
02-27 09:52:27.140  1072  2966 D ACDB-LOADER: ACDB -> ACDB_CMD_GET_AUDPROC_STREAM_TABLE_V2
02-27 09:52:27.140  1072  2966 D ACDB-LOADER: ACDB -> audstrm_cal->cal_type.cal_data.cal_size = 16
02-27 09:52:27.140  1072  2966 D ACDB-LOADER: ACDB -> send_afe_topology
02-27 09:52:27.140  1072  2966 D ACDB-LOADER: ACDB -> ACDB_CMD_GET_AFE_TOPOLOGY_ID
02-27 09:52:27.140  1072  2966 D ACDB-LOADER: ACDB -> GET_AFE_TOPOLOGY_ID for adcd_id 14, Topology Id 112fc
02-27 09:52:27.140  1072  2966 D ACDB-LOADER: ACDB -> send_afe_cal
02-27 09:52:27.140  1072  2966 D ACDB-LOADER: ACDB -> ACDB_CMD_GET_AFE_COMMON_TABLE_SIZE
02-27 09:52:27.140  1072  2966 D android.hardware.audio.service: ACDBFILE_MGR:Read the devices count as zero, please check the acdb file
02-27 09:52:27.140  1072  2966 D android.hardware.audio.service: Failed to fetch the lookup information of the device 0000000E 
02-27 09:52:27.140  1072  2966 E ACDB-LOADER: Error: ACDB_CMD_GET_AFE_COMMON_TABLE_SIZE Returned = -19
02-27 09:52:27.140  1072  2966 D ACDB-LOADER: ACDB -> ACDB_CMD_GET_AFE_COMMON_TABLE
02-27 09:52:27.140  1072  2966 D android.hardware.audio.service: ACDBFILE_MGR:Read the devices count as zero, please check the acdb file
02-27 09:52:27.140  1072  2966 D android.hardware.audio.service: Failed to fetch the lookup information of the device 0000000E 
02-27 09:52:27.140  1072  2966 E ACDB-LOADER: Error: ACDB AFE returned = -19
02-27 09:52:27.140  1072  2966 D ACDB-LOADER: ACDB -> AUDIO_SET_AFE_CAL
02-27 09:52:27.140  1072  2966 D ACDB-LOADER: ACDB -> send_hw_delay : acdb_id = 14 path = 0
02-27 09:52:27.140  1072  2966 D ACDB-LOADER: ACDB -> ACDB_AVSYNC_INFO: ACDB_CMD_GET_DEVICE_PROPERTY
02-27 09:52:27.140  1072  2966 D msm8974_platform: platform_split_snd_device: snd_device(2) num devices(0) new_snd_devices(0)
02-27 09:52:27.140  1072  2966 I msm8974_platform: platform_get_custom_mtmx_params: no matching param with id 0 ip_ch 2 op_ch 2 uc_id 1 snd_dev 2
02-27 09:52:27.140  1072  2966 D audio_hw_primary: enable_audio_route: apply mixer and update path: low-latency-playback
02-27 09:52:27.140  1072  2966 D audio_route: Apply path: low-latency-playback
02-27 09:52:27.142  1072  2966 D audio_hw_primary: select_devices: done
02-27 09:52:27.142  2351  2351 E CentralSurfaces: Keyguard is done going away, but someone left the light reveal scrim at reveal amount: 0.1
02-27 09:52:27.142  2351  2351 D KeyguardService: Finish IRemoteAnimationRunner.
02-27 09:52:27.143  2351  2391 V WindowManagerShell: UNKNOWN MESSAGE (5216177164274512366) false (#651) android.os.BinderProxy@f8f4f1@0
02-27 09:52:27.147  2351  2453 D Bubbles : handleKeyguardOrDreamChange isUnlockedShade=true keyguardShowing=false dreamingOrInPreview=false
02-27 09:52:27.148  3278  3278 D libnfc_nci: nfcManager_doSetScreenState: state = 8 prevScreenState= 4, discovry_param = 1
02-27 09:52:27.150  3278  3278 D NfcService: applyScreenState(): screenState=8
02-27 09:52:27.151  1958  2030 V WindowManager: Finish Transition (#651): created at 02-27 09:52:26.900 collect-started=0.09ms request-sent=0.135ms started=7.875ms ready=7.815ms sent=59.021ms finished=250.629ms
02-27 09:52:27.152  3278  3278 D NfcService: applyScreenState(): screenState=8
02-27 09:52:27.153  2351  2817 D KeyguardService: setOccluded(false)
02-27 09:52:27.154  2351  2817 D KeyguardViewMediator: setOccluded(false)
02-27 09:52:27.154  2351  2391 V WindowManagerShell: UNKNOWN MESSAGE (-1071245984949193362) 0
02-27 09:52:27.154  2351  2391 V WindowManagerShell: UNKNOWN MESSAGE (5665710760068723116)
02-27 09:52:27.154  1958  2007 W UserManagerService: Requested status bar icon for non-badged user 0
02-27 09:52:27.163  1958  2007 D FingerprintProvider/defaultHIDL: Starting watchdog for fingerprint
02-27 09:52:27.177     0     0 I         : [17722.355339,3] Goodix-TS 3-005d: GTP wakeup sleep.
02-27 09:52:27.177     0     0 I         : [17722.355358,3] Goodix-TS 3-005d: Driver send config.
02-27 09:52:27.183  1958  6508 W ActivityManager: Background start not allowed: service Intent { act=com.whatsapp.messaging.MessageService.START cmp=com.whatsapp/.messaging.MessageService } to com.whatsapp/.messaging.MessageService from pid=18615 uid=10193 pkg=com.whatsapp startFg?=false
02-27 09:52:27.189     0     0 E [17722.371443,0] q6asm_callback: payload size of 8 is less than expected.
02-27 09:52:27.190     0     0 E [17722.372097,0] q6asm_callback: payload size of 8 is less than expected.
02-27 09:52:27.206     0     0 E [17722.386824,0] q6asm_callback: payload size of 8 is less than expected.
02-27 09:52:27.206  1072  2966 D msm8974_platform: platform_set_channel_map mixer_ctl_name:Playback Channel Map13
02-27 09:52:27.207  1072  2966 D msm8974_platform: platform_set_channel_map: set mapping(1 2 0 0 0 0 0 0) for channel:2
02-27 09:52:27.208  1072  2966 D audio_hw_primary: start_output_stream: exit
02-27 09:52:27.208  1090  1090 I android.hardware.power-service-qti: Boost 3Not Supported
02-27 09:52:27.213     0     0 E [17722.394692,0] q6asm_callback: payload size of 8 is less than expected.
02-27 09:52:27.216  1958  2237 I ImeTracker: com.android.launcher3:81023711: onRequestHide at ORIGIN_SERVER reason HIDE_SAME_WINDOW_FOCUSED_WITHOUT_EDITOR fromUser false
02-27 09:52:27.216  1958  2237 I ImeTracker: com.android.launcher3:81023711: onCancelled at PHASE_SERVER_SHOULD_HIDE
02-27 09:52:27.226  2351  2391 D ShellSplitScreen: UNKNOWN MESSAGE (2180125002225367388)
02-27 09:52:27.230  1958  2007 D SystemServerTiming: getUserSwitchability-0
02-27 09:52:27.230  1958  2007 D SystemServerTiming: TM.isInCall
02-27 09:52:27.232  1958  2007 V SystemServerTiming: TM.isInCall took to complete: 2ms
02-27 09:52:27.232  1958  2007 D SystemServerTiming: hasUserRestriction-DISALLOW_USER_SWITCH
02-27 09:52:27.232  1958  2007 V SystemServerTiming: hasUserRestriction-DISALLOW_USER_SWITCH took to complete: 0ms
02-27 09:52:27.232  1958  2007 D SystemServerTiming: getInt-ALLOW_USER_SWITCHING_WHEN_SYSTEM_USER_LOCKED
02-27 09:52:27.232  1958  2007 V SystemServerTiming: getInt-ALLOW_USER_SWITCHING_WHEN_SYSTEM_USER_LOCKED took to complete: 0ms
02-27 09:52:27.232  1958  2007 D SystemServerTiming: isUserUnlocked-USER_SYSTEM
02-27 09:52:27.232  1958  2007 V SystemServerTiming: isUserUnlocked-USER_SYSTEM took to complete: 0ms
02-27 09:52:27.232  1958  2007 V SystemServerTiming: getUserSwitchability-0 took to complete: 2ms
02-27 09:52:27.232  2351  2351 D KeyguardViewMediator: handleSetOccluded(false)
02-27 09:52:27.232  2351  2351 D KeyguardViewMediator: KeyguardViewMediator queue processing message: SET_OCCLUDED
02-27 09:52:27.238  1958  6508 W UserManagerService: Requested status bar icon for non-badged user 0
02-27 09:52:27.258  1958 19803 W UserManagerService: Requested status bar icon for non-badged user 0
02-27 09:52:27.271  1958 19803 W UserManagerService: Requested status bar icon for non-badged user 0
02-27 09:52:27.295  1070  1244 W qti_sensors_hal: processReportInd: lux: 32, ch0: 0, ch1: 839, pData: 185, pOffset: 4
02-27 09:52:27.304  1958 19803 W JobInfo : Job 'com.whatsapp/.push.RegistrationIntentService#4' has a deadline with no functional constraints. The deadline won't improve job execution latency. Consider removing the deadline.
02-27 09:52:27.406  1958  2030 I UsbPortManager: USB HAL HIDL version: 10
02-27 09:52:27.468  2351  2351 I KeyguardTransitionRepository: FINISHED transition: TransitionStep(from=DOZING, to=GONE, value=1.0, transitionState=FINISHED, ownerName=FromDozingTransitionInteractor(biometric wake and unlock))
02-27 09:52:27.469  2351  2424 D ResourceTrimmer: Sending TRIM_MEMORY_UI_HIDDEN.
02-27 09:52:27.479  1126  1920 D audioserver: logFgsApiEnd: FGS Logger Transaction failed, -129
02-27 09:52:27.480  1126  1411 W APM::AudioPolicyEngine: getDevicesForStrategyInt unknown strategy: 10
02-27 09:52:27.480  1126  1411 I APM::AudioPolicyEngine: getDevicesForStrategyInt no device found for strategy 10
02-27 09:52:27.795     0     0 E [17722.972006,2] msm_dwc3_perf_vote_work: in_perf_mode:0, interrupts in last sample:0
02-27 09:52:27.811  2351  2416 D ControlsListingControllerImpl: Unsubscribing callback
02-27 09:52:27.819  2351  2416 D ControlsListingControllerImpl: Unsubscribing callback
